<html>
<body>
<pre>
<h1>�Vision Build Log</h1>
<h2>Tool Versions:</h2>
IDE-Version: ��Vision V5.35.0.0
Copyright (C) 2021 ARM Ltd and ARM Germany GmbH. All rights reserved.
License Information: 2 2, 2, LIC=GMZI6-DU6J4-452T5-GBR8I-Q96MQ-6PG0H
 
Tool Versions:
Toolchain:       MDK-ARM Plus  Version: 5.35.0.2
Toolchain Path:  C:\Keil_v5\ARM\ARMCC\Bin
C Compiler:      Armcc.exe V5.06 update 7 (build 960)
Assembler:       Armasm.exe V5.06 update 7 (build 960)
Linker/Locator:  ArmLink.exe V5.06 update 7 (build 960)
Library Manager: ArmAr.exe V5.06 update 7 (build 960)
Hex Converter:   FromElf.exe V5.06 update 7 (build 960)
CPU DLL:         SARMCM3.DLL V5.35.0.2
Dialog DLL:      DCM.DLL V1.17.3.0
Target DLL:      STLink\ST-LINKIII-KEIL_SWO.dll V3.0.9.0
Dialog DLL:      TCM.DLL V1.53.0.0
 
<h2>Project:</h2>
d:\Code\stm32\F407-2023E\MDK-ARM\F407-2023E.uvprojx
Project File Date:  07/14/2025

<h2>Output:</h2>
*** Using Compiler 'V5.06 update 7 (build 960)', folder: 'C:\Keil_v5\ARM\ARMCC\Bin'
Build target 'F407-2023E'
assembling startup_stm32f407xx.s...
compiling stm32f4xx_hal_i2c_ex.c...
compiling stm32f4xx_hal_flash_ex.c...
compiling i2c.c...
../Users/PID.h(25): warning:  #1295-D: Deprecated declaration reset - give arg types
  void reset();
../Users/tft/tft.h(88): warning:  #1295-D: Deprecated declaration tft_init - give arg types
  void tft_init();
../Users/tft/tft.h(89): warning:  #1295-D: Deprecated declaration open_backlight - give arg types
  void open_backlight();
../Users/tft/tft.h(90): warning:  #1295-D: Deprecated declaration close_backlight - give arg types
  void close_backlight();
../Core/Src/i2c.c: 4 warnings, 0 errors
compiling stm32f4xx_hal_flash_ramfunc.c...
compiling stm32f4xx_it.c...
../Users/PID.h(25): warning:  #1295-D: Deprecated declaration reset - give arg types
  void reset();
../Users/tft/tft.h(88): warning:  #1295-D: Deprecated declaration tft_init - give arg types
  void tft_init();
../Users/tft/tft.h(89): warning:  #1295-D: Deprecated declaration open_backlight - give arg types
  void open_backlight();
../Users/tft/tft.h(90): warning:  #1295-D: Deprecated declaration close_backlight - give arg types
  void close_backlight();
../Core/Src/stm32f4xx_it.c: 4 warnings, 0 errors
compiling gpio.c...
../Users/PID.h(25): warning:  #1295-D: Deprecated declaration reset - give arg types
  void reset();
../Users/tft/tft.h(88): warning:  #1295-D: Deprecated declaration tft_init - give arg types
  void tft_init();
../Users/tft/tft.h(89): warning:  #1295-D: Deprecated declaration open_backlight - give arg types
  void open_backlight();
../Users/tft/tft.h(90): warning:  #1295-D: Deprecated declaration close_backlight - give arg types
  void close_backlight();
../Core/Src/gpio.c: 4 warnings, 0 errors
compiling stm32f4xx_hal_exti.c...
compiling tim.c...
../Users/PID.h(25): warning:  #1295-D: Deprecated declaration reset - give arg types
  void reset();
../Users/tft/tft.h(88): warning:  #1295-D: Deprecated declaration tft_init - give arg types
  void tft_init();
../Users/tft/tft.h(89): warning:  #1295-D: Deprecated declaration open_backlight - give arg types
  void open_backlight();
../Users/tft/tft.h(90): warning:  #1295-D: Deprecated declaration close_backlight - give arg types
  void close_backlight();
../Core/Src/tim.c: 4 warnings, 0 errors
compiling spi.c...
../Users/PID.h(25): warning:  #1295-D: Deprecated declaration reset - give arg types
  void reset();
../Users/tft/tft.h(88): warning:  #1295-D: Deprecated declaration tft_init - give arg types
  void tft_init();
../Users/tft/tft.h(89): warning:  #1295-D: Deprecated declaration open_backlight - give arg types
  void open_backlight();
../Users/tft/tft.h(90): warning:  #1295-D: Deprecated declaration close_backlight - give arg types
  void close_backlight();
../Core/Src/spi.c: 4 warnings, 0 errors
compiling stm32f4xx_hal_flash.c...
compiling stm32f4xx_hal_cortex.c...
compiling stm32f4xx_hal_rcc_ex.c...
compiling stm32f4xx_hal_pwr_ex.c...
compiling stm32f4xx_hal_pwr.c...
compiling dma.c...
../Users/PID.h(25): warning:  #1295-D: Deprecated declaration reset - give arg types
  void reset();
../Users/tft/tft.h(88): warning:  #1295-D: Deprecated declaration tft_init - give arg types
  void tft_init();
../Users/tft/tft.h(89): warning:  #1295-D: Deprecated declaration open_backlight - give arg types
  void open_backlight();
../Users/tft/tft.h(90): warning:  #1295-D: Deprecated declaration close_backlight - give arg types
  void close_backlight();
../Core/Src/dma.c: 4 warnings, 0 errors
compiling stm32f4xx_hal_gpio.c...
compiling stm32f4xx_hal_dma_ex.c...
compiling stm32f4xx_hal_dma.c...
compiling stm32f4xx_hal_msp.c...
../Users/PID.h(25): warning:  #1295-D: Deprecated declaration reset - give arg types
  void reset();
../Users/tft/tft.h(88): warning:  #1295-D: Deprecated declaration tft_init - give arg types
  void tft_init();
../Users/tft/tft.h(89): warning:  #1295-D: Deprecated declaration open_backlight - give arg types
  void open_backlight();
../Users/tft/tft.h(90): warning:  #1295-D: Deprecated declaration close_backlight - give arg types
  void close_backlight();
../Core/Src/stm32f4xx_hal_msp.c: 4 warnings, 0 errors
compiling stm32f4xx_hal.c...
compiling main.c...
../Users/PID.h(25): warning:  #1295-D: Deprecated declaration reset - give arg types
  void reset();
../Users/tft/tft.h(88): warning:  #1295-D: Deprecated declaration tft_init - give arg types
  void tft_init();
../Users/tft/tft.h(89): warning:  #1295-D: Deprecated declaration open_backlight - give arg types
  void open_backlight();
../Users/tft/tft.h(90): warning:  #1295-D: Deprecated declaration close_backlight - give arg types
  void close_backlight();
../Users/func.h(3): warning:  #1-D: last line of file ends without a newline
  void draw(int);
../Core/Src/main.c(195): warning:  #167-D: argument of type "char *" is incompatible with parameter of type "const uint8_t *"
      HAL_UART_Transmit(&huart2,string1,strlen(string1),1000);
../Core/Src/main.c(311): warning:  #1182-D: a declaration cannot have a label
          char buffer123='R';
../Core/Src/main.c(312): warning:  #167-D: argument of type "char *" is incompatible with parameter of type "const uint8_t *"
          HAL_UART_Transmit(&huart2,&buffer123,1,1000);//告诉opencv重新寻找矩形
../Core/Src/main.c(317): warning:  #1182-D: a declaration cannot have a label
            char str_ssd1[20]="MODE 0";
../Core/Src/main.c(321): warning:  #1182-D: a declaration cannot have a label
            char str_ssd2[20]="MODE 1";
../Core/Src/main.c(325): warning:  #1182-D: a declaration cannot have a label
            char str_ssd3[20]="MODE 2";
../Core/Src/main.c(314): warning:  #546-D: transfer of control bypasses initialization of:
            variable "str_ssd1"  (declared at line 317)
            variable "str_ssd2"  (declared at line 321)
            variable "str_ssd3"  (declared at line 325)
          switch (mode)
          ^
../Core/Src/main.c(331): warning:  #520-D: initialization with "{...}" expected for aggregate object
          char a[2]=0;
../Core/Src/main.c(333): warning:  #167-D: argument of type "char *" is incompatible with parameter of type "const uint8_t *"
          HAL_UART_Transmit(&huart2,a,1,1000);
../Core/Src/main.c(355): warning:  #167-D: argument of type "char *" is incompatible with parameter of type "const uint8_t *"
          HAL_UART_Transmit(&huart2,&buffer1,1,1000);
../Core/Src/main.c(295): warning:  #546-D: transfer of control bypasses initialization of:
            variable "buffer123"  (declared at line 311)
            variable "a"  (declared at line 331)
            variable "buffer1"  (declared at line 354)
        switch (temp)
        ^
../Core/Src/main.c(255): warning:  #550-D: variable "calcu_flag"  was set but never used
    int calcu_flag=0;
../Core/Src/main.c: 17 warnings, 0 errors
compiling usart.c...
../Users/PID.h(25): warning:  #1295-D: Deprecated declaration reset - give arg types
  void reset();
../Users/tft/tft.h(88): warning:  #1295-D: Deprecated declaration tft_init - give arg types
  void tft_init();
../Users/tft/tft.h(89): warning:  #1295-D: Deprecated declaration open_backlight - give arg types
  void open_backlight();
../Users/tft/tft.h(90): warning:  #1295-D: Deprecated declaration close_backlight - give arg types
  void close_backlight();
../Core/Src/usart.c: 4 warnings, 0 errors
compiling stm32f4xx_hal_rcc.c...
compiling fonts.c...
compiling stm32f4xx_hal_i2c.c...
compiling stm32f4xx_hal_spi.c...
compiling system_stm32f4xx.c...
compiling PID.c...
../Users/tft/tft.h(88): warning:  #1295-D: Deprecated declaration tft_init - give arg types
  void tft_init();
../Users/tft/tft.h(89): warning:  #1295-D: Deprecated declaration open_backlight - give arg types
  void open_backlight();
../Users/tft/tft.h(90): warning:  #1295-D: Deprecated declaration close_backlight - give arg types
  void close_backlight();
..\Users\PID.h(25): warning:  #1295-D: Deprecated declaration reset - give arg types
  void reset();
..\Users\PID.c(66): warning:  #223-D: function "abs" declared implicitly
          if(abs(value[1])<50&&abs(value[0])<50){//限�? 如果距离过大将限速限制变�?
..\Users\PID.c(88): warning:  #940-D: missing return statement at end of non-void function "calcu" 
  }
..\Users\PID.c(89): warning:  #1-D: last line of file ends without a newline
  #endif
..\Users\PID.c: 7 warnings, 0 errors
compiling stm32f4xx_hal_tim_ex.c...
compiling func.c...
../Users/PID.h(25): warning:  #1295-D: Deprecated declaration reset - give arg types
  void reset();
../Users/tft/tft.h(88): warning:  #1295-D: Deprecated declaration tft_init - give arg types
  void tft_init();
../Users/tft/tft.h(89): warning:  #1295-D: Deprecated declaration open_backlight - give arg types
  void open_backlight();
../Users/tft/tft.h(90): warning:  #1295-D: Deprecated declaration close_backlight - give arg types
  void close_backlight();
..\Users\func.h(3): warning:  #1-D: last line of file ends without a newline
  void draw(int);
..\Users\func.c: 5 warnings, 0 errors
compiling tft.c...
../Users/PID.h(25): warning:  #1295-D: Deprecated declaration reset - give arg types
  void reset();
..\Users\tft\tft.h(88): warning:  #1295-D: Deprecated declaration tft_init - give arg types
  void tft_init();
..\Users\tft\tft.h(89): warning:  #1295-D: Deprecated declaration open_backlight - give arg types
  void open_backlight();
..\Users\tft\tft.h(90): warning:  #1295-D: Deprecated declaration close_backlight - give arg types
  void close_backlight();
..\Users\tft\tft.c(59): warning:  #223-D: function "delay_us" declared implicitly
  	delay_us(5);
..\Users\tft\tft.c(101): warning:  #223-D: function "delay_us" declared implicitly
  	delay_us(5);
..\Users\tft\tft.c(123): warning:  #223-D: function "delay_us" declared implicitly
  	delay_us(5);
..\Users\tft\tft.c(271): warning:  #223-D: function "delay_us" declared implicitly
  		delay_us(5);
..\Users\tft\tft.c(349): warning:  #223-D: function "delay_us" declared implicitly
  		delay_us(5);
..\Users\tft\tft.c: 9 warnings, 0 errors
compiling ssd1306.c...
../Users/PID.h(25): warning:  #1295-D: Deprecated declaration reset - give arg types
  void reset();
../Users/tft/tft.h(88): warning:  #1295-D: Deprecated declaration tft_init - give arg types
  void tft_init();
../Users/tft/tft.h(89): warning:  #1295-D: Deprecated declaration open_backlight - give arg types
  void open_backlight();
../Users/tft/tft.h(90): warning:  #1295-D: Deprecated declaration close_backlight - give arg types
  void close_backlight();
..\Users\ssd1306\ssd1306.c: 4 warnings, 0 errors
compiling stm32f4xx_hal_uart.c...
compiling stm32f4xx_hal_tim.c...
linking...
Program Size: Code=18000 RO-data=9272 RW-data=216 ZI-data=12296  
FromELF: creating hex file...
"F407-2023E\F407-2023E.axf" - 0 Error(s), 74 Warning(s).

<h2>Software Packages used:</h2>

Package Vendor: ARM
                http://www.keil.com/pack/ARM.CMSIS.5.8.0.pack
                ARM.CMSIS.5.8.0
                CMSIS (Common Microcontroller Software Interface Standard)
   * Component: CORE Version: 5.5.0

Package Vendor: Keil
                http://www.keil.com/pack/Keil.STM32F4xx_DFP.2.14.0.pack
                Keil.STM32F4xx_DFP.2.14.0
                STMicroelectronics STM32F4 Series Device Support, Drivers and Examples

<h2>Collection of Component include folders:</h2>
  .\RTE\_F407-2023E
  C:\Users\csh_L\AppData\Local\Arm\Packs\ARM\CMSIS\5.8.0\CMSIS\Core\Include
  C:\Users\csh_L\AppData\Local\Arm\Packs\Keil\STM32F4xx_DFP\2.14.0\Drivers\CMSIS\Device\ST\STM32F4xx\Include

<h2>Collection of Component Files used:</h2>

   * Component: ARM::CMSIS:CORE:5.5.0
      Include file:  CMSIS\Core\Include\tz_context.h
Build Time Elapsed:  00:00:05
</pre>
</body>
</html>
