Component: ARM Compiler 5.06 update 7 (build 960) Tool: armlink [4d3601]

==============================================================================

Section Cross References

    startup_stm32f407xx.o(STACK) refers (Special) to heapauxi.o(.text) for __use_two_region_memory
    startup_stm32f407xx.o(HEAP) refers (Special) to heapauxi.o(.text) for __use_two_region_memory
    startup_stm32f407xx.o(RESET) refers (Special) to heapauxi.o(.text) for __use_two_region_memory
    startup_stm32f407xx.o(RESET) refers to startup_stm32f407xx.o(STACK) for __initial_sp
    startup_stm32f407xx.o(RESET) refers to startup_stm32f407xx.o(.text) for Reset_Handler
    startup_stm32f407xx.o(RESET) refers to stm32f4xx_it.o(i.NMI_Handler) for NMI_Handler
    startup_stm32f407xx.o(RESET) refers to stm32f4xx_it.o(i.HardFault_Handler) for HardFault_Handler
    startup_stm32f407xx.o(RESET) refers to stm32f4xx_it.o(i.MemManage_Handler) for MemManage_Handler
    startup_stm32f407xx.o(RESET) refers to stm32f4xx_it.o(i.BusFault_Handler) for BusFault_Handler
    startup_stm32f407xx.o(RESET) refers to stm32f4xx_it.o(i.UsageFault_Handler) for UsageFault_Handler
    startup_stm32f407xx.o(RESET) refers to stm32f4xx_it.o(i.SVC_Handler) for SVC_Handler
    startup_stm32f407xx.o(RESET) refers to stm32f4xx_it.o(i.DebugMon_Handler) for DebugMon_Handler
    startup_stm32f407xx.o(RESET) refers to stm32f4xx_it.o(i.PendSV_Handler) for PendSV_Handler
    startup_stm32f407xx.o(RESET) refers to stm32f4xx_it.o(i.SysTick_Handler) for SysTick_Handler
    startup_stm32f407xx.o(RESET) refers to stm32f4xx_it.o(i.DMA1_Stream6_IRQHandler) for DMA1_Stream6_IRQHandler
    startup_stm32f407xx.o(RESET) refers to stm32f4xx_it.o(i.EXTI9_5_IRQHandler) for EXTI9_5_IRQHandler
    startup_stm32f407xx.o(RESET) refers to stm32f4xx_it.o(i.TIM1_UP_TIM10_IRQHandler) for TIM1_UP_TIM10_IRQHandler
    startup_stm32f407xx.o(RESET) refers to stm32f4xx_it.o(i.SPI1_IRQHandler) for SPI1_IRQHandler
    startup_stm32f407xx.o(RESET) refers to stm32f4xx_it.o(i.USART1_IRQHandler) for USART1_IRQHandler
    startup_stm32f407xx.o(RESET) refers to stm32f4xx_it.o(i.USART2_IRQHandler) for USART2_IRQHandler
    startup_stm32f407xx.o(RESET) refers to stm32f4xx_it.o(i.USART3_IRQHandler) for USART3_IRQHandler
    startup_stm32f407xx.o(RESET) refers to stm32f4xx_it.o(i.DMA2_Stream3_IRQHandler) for DMA2_Stream3_IRQHandler
    startup_stm32f407xx.o(.text) refers (Special) to heapauxi.o(.text) for __use_two_region_memory
    startup_stm32f407xx.o(.text) refers to system_stm32f4xx.o(i.SystemInit) for SystemInit
    startup_stm32f407xx.o(.text) refers to __main.o(!!!main) for __main
    startup_stm32f407xx.o(.text) refers to startup_stm32f407xx.o(HEAP) for Heap_Mem
    startup_stm32f407xx.o(.text) refers to startup_stm32f407xx.o(STACK) for Stack_Mem
    main.o(i.HAL_GPIO_EXTI_Callback) refers to rt_memcpy_w.o(.text) for __aeabi_memcpy4
    main.o(i.HAL_GPIO_EXTI_Callback) refers to tft.o(i.Screen_show_string) for Screen_show_string
    main.o(i.HAL_GPIO_EXTI_Callback) refers to strlen.o(.text) for strlen
    main.o(i.HAL_GPIO_EXTI_Callback) refers to stm32f4xx_hal_uart.o(i.HAL_UART_Transmit) for HAL_UART_Transmit
    main.o(i.HAL_GPIO_EXTI_Callback) refers to main.o(i.delay_ms) for delay_ms
    main.o(i.HAL_GPIO_EXTI_Callback) refers to main.o(.data) for .data
    main.o(i.HAL_GPIO_EXTI_Callback) refers to fonts.o(.data) for Font_16x26
    main.o(i.HAL_GPIO_EXTI_Callback) refers to main.o(.constdata) for .constdata
    main.o(i.HAL_GPIO_EXTI_Callback) refers to tim.o(.bss) for htim2
    main.o(i.HAL_GPIO_EXTI_Callback) refers to usart.o(.bss) for huart2
    main.o(i.HAL_TIM_PeriodElapsedCallback) refers to main.o(.data) for .data
    main.o(i.HAL_UART_RxCpltCallback) refers to stm32f4xx_hal_uart.o(i.HAL_UART_Receive_IT) for HAL_UART_Receive_IT
    main.o(i.HAL_UART_RxCpltCallback) refers to main.o(.bss) for .bss
    main.o(i.SystemClock_Config) refers to rt_memclr_w.o(.text) for __aeabi_memclr4
    main.o(i.SystemClock_Config) refers to stm32f4xx_hal_rcc.o(i.HAL_RCC_OscConfig) for HAL_RCC_OscConfig
    main.o(i.SystemClock_Config) refers to stm32f4xx_hal_rcc.o(i.HAL_RCC_ClockConfig) for HAL_RCC_ClockConfig
    main.o(i.main) refers to _scanf_int.o(.text) for _scanf_int
    main.o(i.main) refers to _printf_percent.o(.ARM.Collect$$_printf_percent$$00000000) for _printf_percent
    main.o(i.main) refers to _printf_d.o(.ARM.Collect$$_printf_percent$$00000009) for _printf_d
    main.o(i.main) refers to _printf_dec.o(.text) for _printf_int_dec
    main.o(i.main) refers to stm32f4xx_hal.o(i.HAL_Init) for HAL_Init
    main.o(i.main) refers to main.o(i.SystemClock_Config) for SystemClock_Config
    main.o(i.main) refers to gpio.o(i.MX_GPIO_Init) for MX_GPIO_Init
    main.o(i.main) refers to dma.o(i.MX_DMA_Init) for MX_DMA_Init
    main.o(i.main) refers to tim.o(i.MX_TIM1_Init) for MX_TIM1_Init
    main.o(i.main) refers to tim.o(i.MX_TIM2_Init) for MX_TIM2_Init
[...]
    i.HAL_GPIO_EXTI_Callback                 0x080012b4   Section        0  main.o(i.HAL_GPIO_EXTI_Callback)
    i.HAL_GPIO_EXTI_IRQHandler               0x080013dc   Section        0  stm32f4xx_hal_gpio.o(i.HAL_GPIO_EXTI_IRQHandler)
    i.HAL_GPIO_Init                          0x080013f4   Section        0  stm32f4xx_hal_gpio.o(i.HAL_GPIO_Init)
    i.HAL_GPIO_WritePin                      0x080015c4   Section        0  stm32f4xx_hal_gpio.o(i.HAL_GPIO_WritePin)
    i.HAL_GetTick                            0x080015d0   Section        0  stm32f4xx_hal.o(i.HAL_GetTick)
    i.HAL_I2C_Init                           0x080015dc   Section        0  stm32f4xx_hal_i2c.o(i.HAL_I2C_Init)
    i.HAL_I2C_MspInit                        0x08001764   Section        0  i2c.o(i.HAL_I2C_MspInit)
    i.HAL_IncTick                            0x08001808   Section        0  stm32f4xx_hal.o(i.HAL_IncTick)
    i.HAL_Init                               0x08001818   Section        0  stm32f4xx_hal.o(i.HAL_Init)
    i.HAL_InitTick                           0x0800184c   Section        0  stm32f4xx_hal.o(i.HAL_InitTick)
    i.HAL_MspInit                            0x0800188c   Section        0  stm32f4xx_hal_msp.o(i.HAL_MspInit)
    i.HAL_NVIC_EnableIRQ                     0x080018bc   Section        0  stm32f4xx_hal_cortex.o(i.HAL_NVIC_EnableIRQ)
    i.HAL_NVIC_SetPriority                   0x080018d8   Section        0  stm32f4xx_hal_cortex.o(i.HAL_NVIC_SetPriority)
    i.HAL_NVIC_SetPriorityGrouping           0x08001918   Section        0  stm32f4xx_hal_cortex.o(i.HAL_NVIC_SetPriorityGrouping)
    i.HAL_RCC_ClockConfig                    0x0800193c   Section        0  stm32f4xx_hal_rcc.o(i.HAL_RCC_ClockConfig)
    i.HAL_RCC_GetPCLK1Freq                   0x08001a70   Section        0  stm32f4xx_hal_rcc.o(i.HAL_RCC_GetPCLK1Freq)
    i.HAL_RCC_GetPCLK2Freq                   0x08001a90   Section        0  stm32f4xx_hal_rcc.o(i.HAL_RCC_GetPCLK2Freq)
    i.HAL_RCC_GetSysClockFreq                0x08001ab0   Section        0  stm32f4xx_hal_rcc.o(i.HAL_RCC_GetSysClockFreq)
    i.HAL_RCC_OscConfig                      0x08001b10   Section        0  stm32f4xx_hal_rcc.o(i.HAL_RCC_OscConfig)
    i.HAL_SPI_ErrorCallback                  0x08001e68   Section        0  stm32f4xx_hal_spi.o(i.HAL_SPI_ErrorCallback)
    i.HAL_SPI_IRQHandler                     0x08001e6c   Section        0  stm32f4xx_hal_spi.o(i.HAL_SPI_IRQHandler)
    i.HAL_SPI_Init                           0x08001f68   Section        0  stm32f4xx_hal_spi.o(i.HAL_SPI_Init)
    i.HAL_SPI_MspInit                        0x08002024   Section        0  spi.o(i.HAL_SPI_MspInit)
    i.HAL_SPI_Transmit                       0x080020d8   Section        0  stm32f4xx_hal_spi.o(i.HAL_SPI_Transmit)
    i.HAL_SPI_Transmit_DMA                   0x08002240   Section        0  stm32f4xx_hal_spi.o(i.HAL_SPI_Transmit_DMA)
    i.HAL_SPI_TxCpltCallback                 0x0800230c   Section        0  stm32f4xx_hal_spi.o(i.HAL_SPI_TxCpltCallback)
    i.HAL_SPI_TxHalfCpltCallback             0x0800230e   Section        0  stm32f4xx_hal_spi.o(i.HAL_SPI_TxHalfCpltCallback)
    i.HAL_SYSTICK_Config                     0x08002310   Section        0  stm32f4xx_hal_cortex.o(i.HAL_SYSTICK_Config)
    i.HAL_TIMEx_BreakCallback                0x08002338   Section        0  stm32f4xx_hal_tim_ex.o(i.HAL_TIMEx_BreakCallback)
    i.HAL_TIMEx_CommutCallback               0x0800233a   Section        0  stm32f4xx_hal_tim_ex.o(i.HAL_TIMEx_CommutCallback)
    i.HAL_TIMEx_MasterConfigSynchronization  0x0800233c   Section        0  stm32f4xx_hal_tim_ex.o(i.HAL_TIMEx_MasterConfigSynchronization)
    i.HAL_TIM_Base_Init                      0x080023cc   Section        0  stm32f4xx_hal_tim.o(i.HAL_TIM_Base_Init)
    i.HAL_TIM_Base_MspInit                   0x08002428   Section        0  tim.o(i.HAL_TIM_Base_MspInit)
    i.HAL_TIM_Base_Start_IT                  0x08002464   Section        0  stm32f4xx_hal_tim.o(i.HAL_TIM_Base_Start_IT)
    i.HAL_TIM_ConfigClockSource              0x080024e4   Section        0  stm32f4xx_hal_tim.o(i.HAL_TIM_ConfigClockSource)
    i.HAL_TIM_IC_CaptureCallback             0x080025c0   Section        0  stm32f4xx_hal_tim.o(i.HAL_TIM_IC_CaptureCallback)
    i.HAL_TIM_IRQHandler                     0x080025c2   Section        0  stm32f4xx_hal_tim.o(i.HAL_TIM_IRQHandler)
    i.HAL_TIM_MspPostInit                    0x080026f4   Section        0  tim.o(i.HAL_TIM_MspPostInit)
    i.HAL_TIM_OC_DelayElapsedCallback        0x0800276c   Section        0  stm32f4xx_hal_tim.o(i.HAL_TIM_OC_DelayElapsedCallback)
    i.HAL_TIM_PWM_ConfigChannel              0x0800276e   Section        0  stm32f4xx_hal_tim.o(i.HAL_TIM_PWM_ConfigChannel)
    i.HAL_TIM_PWM_Init                       0x0800283a   Section        0  stm32f4xx_hal_tim.o(i.HAL_TIM_PWM_Init)
    i.HAL_TIM_PWM_MspInit                    0x08002894   Section        0  tim.o(i.HAL_TIM_PWM_MspInit)
    i.HAL_TIM_PWM_PulseFinishedCallback      0x080028b8   Section        0  stm32f4xx_hal_tim.o(i.HAL_TIM_PWM_PulseFinishedCallback)
    i.HAL_TIM_PWM_Start                      0x080028bc   Section        0  stm32f4xx_hal_tim.o(i.HAL_TIM_PWM_Start)
    i.HAL_TIM_PeriodElapsedCallback          0x0800298c   Section        0  main.o(i.HAL_TIM_PeriodElapsedCallback)
    i.HAL_TIM_TriggerCallback                0x080029a8   Section        0  stm32f4xx_hal_tim.o(i.HAL_TIM_TriggerCallback)
    i.HAL_UARTEx_RxEventCallback             0x080029aa   Section        0  stm32f4xx_hal_uart.o(i.HAL_UARTEx_RxEventCallback)
    i.HAL_UART_ErrorCallback                 0x080029ac   Section        0  stm32f4xx_hal_uart.o(i.HAL_UART_ErrorCallback)
    i.HAL_UART_IRQHandler                    0x080029b0   Section        0  stm32f4xx_hal_uart.o(i.HAL_UART_IRQHandler)
    i.HAL_UART_Init                          0x08002c20   Section        0  stm32f4xx_hal_uart.o(i.HAL_UART_Init)
    i.HAL_UART_MspInit                       0x08002c84   Section        0  usart.o(i.HAL_UART_MspInit)
    i.HAL_UART_Receive_IT                    0x08002d9c   Section        0  stm32f4xx_hal_uart.o(i.HAL_UART_Receive_IT)
    i.HAL_UART_RxCpltCallback                0x08002db8   Section        0  main.o(i.HAL_UART_RxCpltCallback)
    i.HAL_UART_Transmit                      0x08002e38   Section        0  stm32f4xx_hal_uart.o(i.HAL_UART_Transmit)
    i.HAL_UART_TxCpltCallback                0x08002ed8   Section        0  stm32f4xx_hal_uart.o(i.HAL_UART_TxCpltCallback)
    i.HardFault_Handler                      0x08002eda   Section        0  stm32f4xx_it.o(i.HardFault_Handler)
    i.MX_DMA_Init                            0x08002edc   Section        0  dma.o(i.MX_DMA_Init)
    i.MX_GPIO_Init                           0x08002f28   Section        0  gpio.o(i.MX_GPIO_Init)
    i.MX_I2C1_Init                           0x08003080   Section        0  i2c.o(i.MX_I2C1_Init)
    i.MX_SPI1_Init                           0x080030c0   Section        0  spi.o(i.MX_SPI1_Init)
    i.MX_TIM1_Init                           0x08003108   Section        0  tim.o(i.MX_TIM1_Init)
    i.MX_TIM2_Init                           0x08003170   Section        0  tim.o(i.MX_TIM2_Init)
    i.MX_USART1_UART_Init                    0x08003210   Section        0  usart.o(i.MX_USART1_UART_Init)
    i.MX_USART2_UART_Init                    0x08003248   Section        0  usart.o(i.MX_USART2_UART_Init)
    i.MX_USART3_UART_Init                    0x08003280   Section        0  usart.o(i.MX_USART3_UART_Init)
    i.MemManage_Handler                      0x080032b8   Section        0  stm32f4xx_it.o(i.MemManage_Handler)
    i.NMI_Handler                            0x080032ba   Section        0  stm32f4xx_it.o(i.NMI_Handler)
    i.PendSV_Handler                         0x080032bc   Section        0  stm32f4xx_it.o(i.PendSV_Handler)
    i.SPI1_IRQHandler                        0x080032c0   Section        0  stm32f4xx_it.o(i.SPI1_IRQHandler)
    i.SPI_DMAAbortOnError                    0x080032cc   Section        0  stm32f4xx_hal_spi.o(i.SPI_DMAAbortOnError)
    SPI_DMAAbortOnError                      0x080032cd   Thumb Code    16  stm32f4xx_hal_spi.o(i.SPI_DMAAbortOnError)
    i.SPI_DMAError                           0x080032dc   Section        0  stm32f4xx_hal_spi.o(i.SPI_DMAError)
    SPI_DMAError                             0x080032dd   Thumb Code    34  stm32f4xx_hal_spi.o(i.SPI_DMAError)
    i.SPI_DMAHalfTransmitCplt                0x080032fe   Section        0  stm32f4xx_hal_spi.o(i.SPI_DMAHalfTransmitCplt)
    SPI_DMAHalfTransmitCplt                  0x080032ff   Thumb Code    10  stm32f4xx_hal_spi.o(i.SPI_DMAHalfTransmitCplt)
    i.SPI_DMATransmitCplt                    0x08003308   Section        0  stm32f4xx_hal_spi.o(i.SPI_DMATransmitCplt)
    SPI_DMATransmitCplt                      0x08003309   Thumb Code   100  stm32f4xx_hal_spi.o(i.SPI_DMATransmitCplt)
    i.SPI_EndRxTxTransaction                 0x0800336c   Section        0  stm32f4xx_hal_spi.o(i.SPI_EndRxTxTransaction)
    SPI_EndRxTxTransaction                   0x0800336d   Thumb Code    98  stm32f4xx_hal_spi.o(i.SPI_EndRxTxTransaction)
    i.SPI_SetDataSize_16bit                  0x080033d8   Section        0  tft.o(i.SPI_SetDataSize_16bit)
    i.SPI_SetDataSize_8bit                   0x080033f2   Section        0  tft.o(i.SPI_SetDataSize_8bit)
    i.SPI_WaitFlagStateUntilTimeout          0x0800340c   Section        0  stm32f4xx_hal_spi.o(i.SPI_WaitFlagStateUntilTimeout)
    SPI_WaitFlagStateUntilTimeout            0x0800340d   Thumb Code   180  stm32f4xx_hal_spi.o(i.SPI_WaitFlagStateUntilTimeout)
    i.SVC_Handler                            0x080034c4   Section        0  stm32f4xx_it.o(i.SVC_Handler)
    i.Screen_show_char                       0x080034c8   Section        0  tft.o(i.Screen_show_char)
    i.Screen_show_string                     0x080035cc   Section        0  tft.o(i.Screen_show_string)
    i.SysTick_Handler                        0x0800360a   Section        0  stm32f4xx_it.o(i.SysTick_Handler)
    i.SystemClock_Config                     0x08003610   Section        0  main.o(i.SystemClock_Config)
    i.SystemInit                             0x080036a4   Section        0  system_stm32f4xx.o(i.SystemInit)
    i.TFT_SEND_CMD                           0x080036b4   Section        0  tft.o(i.TFT_SEND_CMD)
    i.TFT_SEND_DATA                          0x080036f4   Section        0  tft.o(i.TFT_SEND_DATA)
    i.TFT_SEND_DATA_16                       0x0800372c   Section        0  tft.o(i.TFT_SEND_DATA_16)
    i.TFT_SetWindows                         0x08003768   Section        0  tft.o(i.TFT_SetWindows)
    i.TFT_display_point                      0x080037aa   Section        0  tft.o(i.TFT_display_point)
    i.TFT_full_color                         0x080037c0   Section        0  tft.o(i.TFT_full_color)
    i.TIM1_UP_TIM10_IRQHandler               0x08003834   Section        0  stm32f4xx_it.o(i.TIM1_UP_TIM10_IRQHandler)
    i.TIM_Base_SetConfig                     0x08003840   Section        0  stm32f4xx_hal_tim.o(i.TIM_Base_SetConfig)
    i.TIM_CCxChannelCmd                      0x08003918   Section        0  stm32f4xx_hal_tim.o(i.TIM_CCxChannelCmd)
    i.TIM_ETR_SetConfig                      0x08003932   Section        0  stm32f4xx_hal_tim.o(i.TIM_ETR_SetConfig)
    i.TIM_ITRx_SetConfig                     0x08003946   Section        0  stm32f4xx_hal_tim.o(i.TIM_ITRx_SetConfig)
    TIM_ITRx_SetConfig                       0x08003947   Thumb Code    16  stm32f4xx_hal_tim.o(i.TIM_ITRx_SetConfig)
    i.TIM_OC1_SetConfig                      0x08003958   Section        0  stm32f4xx_hal_tim.o(i.TIM_OC1_SetConfig)
    TIM_OC1_SetConfig                        0x08003959   Thumb Code    88  stm32f4xx_hal_tim.o(i.TIM_OC1_SetConfig)
    i.TIM_OC2_SetConfig                      0x080039b8   Section        0  stm32f4xx_hal_tim.o(i.TIM_OC2_SetConfig)
    i.TIM_OC3_SetConfig                      0x08003a24   Section        0  stm32f4xx_hal_tim.o(i.TIM_OC3_SetConfig)
    TIM_OC3_SetConfig                        0x08003a25   Thumb Code    96  stm32f4xx_hal_tim.o(i.TIM_OC3_SetConfig)
    i.TIM_OC4_SetConfig                      0x08003a8c   Section        0  stm32f4xx_hal_tim.o(i.TIM_OC4_SetConfig)
    TIM_OC4_SetConfig                        0x08003a8d   Thumb Code    70  stm32f4xx_hal_tim.o(i.TIM_OC4_SetConfig)
    i.TIM_TI1_ConfigInputStage               0x08003adc   Section        0  stm32f4xx_hal_tim.o(i.TIM_TI1_ConfigInputStage)
    TIM_TI1_ConfigInputStage                 0x08003add   Thumb Code    34  stm32f4xx_hal_tim.o(i.TIM_TI1_ConfigInputStage)
    i.TIM_TI2_ConfigInputStage               0x08003afe   Section        0  stm32f4xx_hal_tim.o(i.TIM_TI2_ConfigInputStage)
    TIM_TI2_ConfigInputStage                 0x08003aff   Thumb Code    36  stm32f4xx_hal_tim.o(i.TIM_TI2_ConfigInputStage)
    i.UART_DMAAbortOnError                   0x08003b22   Section        0  stm32f4xx_hal_uart.o(i.UART_DMAAbortOnError)
    UART_DMAAbortOnError                     0x08003b23   Thumb Code    16  stm32f4xx_hal_uart.o(i.UART_DMAAbortOnError)
    i.UART_EndRxTransfer                     0x08003b32   Section        0  stm32f4xx_hal_uart.o(i.UART_EndRxTransfer)
    UART_EndRxTransfer                       0x08003b33   Thumb Code    78  stm32f4xx_hal_uart.o(i.UART_EndRxTransfer)
    i.UART_Receive_IT                        0x08003b80   Section        0  stm32f4xx_hal_uart.o(i.UART_Receive_IT)
    UART_Receive_IT                          0x08003b81   Thumb Code   194  stm32f4xx_hal_uart.o(i.UART_Receive_IT)
    i.UART_SetConfig                         0x08003c44   Section        0  stm32f4xx_hal_uart.o(i.UART_SetConfig)
    UART_SetConfig                           0x08003c45   Thumb Code   258  stm32f4xx_hal_uart.o(i.UART_SetConfig)
    i.UART_Start_Receive_IT                  0x08003d50   Section        0  stm32f4xx_hal_uart.o(i.UART_Start_Receive_IT)
    i.UART_WaitOnFlagUntilTimeout            0x08003d86   Section        0  stm32f4xx_hal_uart.o(i.UART_WaitOnFlagUntilTimeout)
    UART_WaitOnFlagUntilTimeout              0x08003d87   Thumb Code   112  stm32f4xx_hal_uart.o(i.UART_WaitOnFlagUntilTimeout)
    i.USART1_IRQHandler                      0x08003df8   Section        0  stm32f4xx_it.o(i.USART1_IRQHandler)
    i.USART2_IRQHandler                      0x08003e04   Section        0  stm32f4xx_it.o(i.USART2_IRQHandler)
    i.USART3_IRQHandler                      0x08003e10   Section        0  stm32f4xx_it.o(i.USART3_IRQHandler)
    i.UsageFault_Handler                     0x08003e1c   Section        0  stm32f4xx_it.o(i.UsageFault_Handler)
    i.__NVIC_SetPriority                     0x08003e1e   Section        0  stm32f4xx_hal_cortex.o(i.__NVIC_SetPriority)
    __NVIC_SetPriority                       0x08003e1f   Thumb Code    32  stm32f4xx_hal_cortex.o(i.__NVIC_SetPriority)
    i._is_digit                              0x08003e3e   Section        0  __printf_wp.o(i._is_digit)
    i.calcu                                  0x08003e4c   Section        0  pid.o(i.calcu)
    i.delay_ms                               0x08003fc0   Section        0  main.o(i.delay_ms)
    i.delay_us                               0x08003fe4   Section        0  main.o(i.delay_us)
    i.draw                                   0x08004008   Section        0  func.o(i.draw)
    i.main                                   0x08004120   Section        0  main.o(i.main)
    i.tft_init                               0x080045b0   Section        0  tft.o(i.tft_init)
    locale$$code                             0x080047a0   Section       44  lc_ctype_c.o(locale$$code)
    x$fpl$fpinit                             0x080047cc   Section       10  fpinit.o(x$fpl$fpinit)
    $v0                                      0x080047cc   Number         0  fpinit.o(x$fpl$fpinit)
    .constdata                               0x080047d8   Section      184  main.o(.constdata)
    .constdata                               0x08004890   Section        8  stm32f4xx_hal_dma.o(.constdata)
    flagBitshiftOffset                       0x08004890   Data           8  stm32f4xx_hal_dma.o(.constdata)
    .constdata                               0x08004898   Section       16  system_stm32f4xx.o(.constdata)
    .constdata                               0x080048a8   Section        8  system_stm32f4xx.o(.constdata)
    .constdata                               0x080048b0   Section     3420  fonts.o(.constdata)
    Font11x18                                0x080048b0   Data        3420  fonts.o(.constdata)
    .constdata                               0x0800560c   Section     4940  fonts.o(.constdata)
    Font16x26                                0x0800560c   Data        4940  fonts.o(.constdata)
    locale$$data                             0x08006978   Section      272  lc_ctype_c.o(locale$$data)
    __lcctype_c_name                         0x0800697c   Data           2  lc_ctype_c.o(locale$$data)
    __lcctype_c_start                        0x08006984   Data           0  lc_ctype_c.o(locale$$data)
    __lcctype_c_end                          0x08006a88   Data           0  lc_ctype_c.o(locale$$data)
    .data                                    0x20000000   Section       48  main.o(.data)
    .data                                    0x20000030   Section       12  stm32f4xx_hal.o(.data)
    .data                                    0x2000003c   Section        4  system_stm32f4xx.o(.data)
    .data                                    0x20000040   Section       20  pid.o(.data)
    .data                                    0x20000054   Section       56  pid.o(.data)
    .data                                    0x2000008c   Section       56  pid.o(.data)
    .data                                    0x200000c4   Section        8  fonts.o(.data)
    .data                                    0x200000cc   Section        8  fonts.o(.data)
    .data                                    0x200000d4   Section        4  tft.o(.data)
    .bss                                     0x200000d8   Section      336  main.o(.bss)
    .bss                                     0x20000228   Section      180  i2c.o(.bss)
    .bss                                     0x200002dc   Section      184  spi.o(.bss)
    .bss                                     0x20000394   Section      144  tim.o(.bss)
    .bss                                     0x20000424   Section      216  usart.o(.bss)
    .bss                                     0x200004fc   Section     9600  tft.o(.bss)
    .bss                                     0x20002a7c   Section       96  libspace.o(.bss)
    HEAP                                     0x20002ae0   Section      512  startup_stm32f407xx.o(HEAP)
    Heap_Mem                                 0x20002ae0   Data         512  startup_stm32f407xx.o(HEAP)
    STACK                                    0x20002ce0   Section     1024  startup_stm32f407xx.o(STACK)
    Stack_Mem                                0x20002ce0   Data        1024  startup_stm32f407xx.o(STACK)
    __initial_sp                             0x200030e0   Data           0  startup_stm32f407xx.o(STACK)

    Global Symbols

    Symbol Name                              Value     Ov Type        Size  Object(Section)

    BuildAttributes$$THM_ISAv4$E$P$D$K$B$S$7EM$VFPi3$EXTD16$VFPS$VFMA$PE$A:L22UL41UL21$X:L11$S22US41US21$IEEE1$IW$USESV6$~STKCKD$USESV7$~SHL$OSPACE$ROPI$EBA8$UX$STANDARDLIB$REQ8$PRES8$EABIv2 0x00000000   Number         0  anon$$obj.o ABSOLUTE
    __ARM_use_no_argv                        0x00000000   Number         0  main.o ABSOLUTE
    _printf_flags                            0x00000000   Number         0  printf_stubs.o ABSOLUTE
    _printf_return_value                     0x00000000   Number         0  printf_stubs.o ABSOLUTE
    _printf_sizespec                         0x00000000   Number         0  printf_stubs.o ABSOLUTE
    _printf_widthprec                        0x00000000   Number         0  printf_stubs.o ABSOLUTE
    __ARM_exceptions_init                     - Undefined Weak Reference
    __alloca_initialize                       - Undefined Weak Reference
    __arm_fini_                               - Undefined Weak Reference
    __arm_preinit_                            - Undefined Weak Reference
    __cpp_initialize__aeabi_                  - Undefined Weak Reference
    __cxa_finalize                            - Undefined Weak Reference
    __sigvec_lookup                           - Undefined Weak Reference
    _atexit_init                              - Undefined Weak Reference
    _call_atexit_fns                          - Undefined Weak Reference
    _clock_init                               - Undefined Weak Reference
    _fp_trap_init                             - Undefined Weak Reference
    _fp_trap_shutdown                         - Undefined Weak Reference
    _get_lc_collate                           - Undefined Weak Reference
    _get_lc_monetary                          - Undefined Weak Reference
    _get_lc_numeric                           - Undefined Weak Reference
    _get_lc_time                              - Undefined Weak Reference
    _getenv_init                              - Undefined Weak Reference
    _handle_redirection                       - Undefined Weak Reference
    _init_alloc                               - Undefined Weak Reference
    _init_user_alloc                          - Undefined Weak Reference
    _initio                                   - Undefined Weak Reference
    _printf_truncate_signed                   - Undefined Weak Reference
    _printf_truncate_unsigned                 - Undefined Weak Reference
    _rand_init                                - Undefined Weak Reference
    _scanf_longlong                           - Undefined Weak Reference
    _scanf_mbtowc                             - Undefined Weak Reference
    _scanf_real                               - Undefined Weak Reference
    _scanf_string                             - Undefined Weak Reference
    _scanf_wctomb                             - Undefined Weak Reference
    _scanf_wstring                            - Undefined Weak Reference
    _signal_finish                            - Undefined Weak Reference
    _signal_init                              - Undefined Weak Reference
    _terminate_alloc                          - Undefined Weak Reference
    _terminate_user_alloc                     - Undefined Weak Reference
    _terminateio                              - Undefined Weak Reference
    __Vectors_Size                           0x00000188   Number         0  startup_stm32f407xx.o ABSOLUTE
    __Vectors                                0x08000000   Data           4  startup_stm32f407xx.o(RESET)
    __Vectors_End                            0x08000188   Data           0  startup_stm32f407xx.o(RESET)
    __main                                   0x08000189   Thumb Code     8  __main.o(!!!main)
    __scatterload                            0x08000191   Thumb Code     0  __scatter.o(!!!scatter)
    __scatterload_rt2                        0x08000191   Thumb Code    44  __scatter.o(!!!scatter)
    __scatterload_rt2_thumb_only             0x08000191   Thumb Code     0  __scatter.o(!!!scatter)
    __scatterload_null                       0x0800019f   Thumb Code     0  __scatter.o(!!!scatter)
    __scatterload_copy                       0x080001c5   Thumb Code    26  __scatter_copy.o(!!handler_copy)
    __scatterload_zeroinit                   0x080001e1   Thumb Code    28  __scatter_zi.o(!!handler_zi)
    _printf_d                                0x080001fd   Thumb Code     0  _printf_d.o(.ARM.Collect$$_printf_percent$$00000009)
    _printf_percent                          0x080001fd   Thumb Code     0  _printf_percent.o(.ARM.Collect$$_printf_percent$$00000000)
    _printf_percent_end                      0x08000203   Thumb Code     0  _printf_percent_end.o(.ARM.Collect$$_printf_percent$$00000017)
    __rt_lib_init                            0x08000207   Thumb Code     0  libinit.o(.ARM.Collect$$libinit$$00000000)
    __rt_lib_init_fp_1                       0x08000209   Thumb Code     0  libinit2.o(.ARM.Collect$$libinit$$00000001)
    __rt_lib_init_heap_1                     0x0800020d   Thumb Code     0  libinit2.o(.ARM.Collect$$libinit$$0000000A)
    __rt_lib_init_lc_common                  0x0800020d   Thumb Code     0  libinit2.o(.ARM.Collect$$libinit$$0000000F)
    __rt_lib_init_preinit_1                  0x0800020d   Thumb Code     0  libinit2.o(.ARM.Collect$$libinit$$00000004)
    __rt_lib_init_rand_1                     0x0800020d   Thumb Code     0  libinit2.o(.ARM.Collect$$libinit$$0000000E)
    __rt_lib_init_user_alloc_1               0x0800020d   Thumb Code     0  libinit2.o(.ARM.Collect$$libinit$$0000000C)
    __rt_lib_init_lc_collate_1               0x08000213   Thumb Code     0  libinit2.o(.ARM.Collect$$libinit$$00000011)
    __rt_lib_init_lc_ctype_2                 0x08000213   Thumb Code     0  libinit2.o(.ARM.Collect$$libinit$$00000012)
    __rt_lib_init_alloca_1                   0x0800021f   Thumb Code     0  libinit2.o(.ARM.Collect$$libinit$$0000002E)
    __rt_lib_init_argv_1                     0x0800021f   Thumb Code     0  libinit2.o(.ARM.Collect$$libinit$$0000002C)
    __rt_lib_init_atexit_1                   0x0800021f   Thumb Code     0  libinit2.o(.ARM.Collect$$libinit$$0000001B)
    __rt_lib_init_clock_1                    0x0800021f   Thumb Code     0  libinit2.o(.ARM.Collect$$libinit$$00000021)
    __rt_lib_init_cpp_1                      0x0800021f   Thumb Code     0  libinit2.o(.ARM.Collect$$libinit$$00000032)
    __rt_lib_init_exceptions_1               0x0800021f   Thumb Code     0  libinit2.o(.ARM.Collect$$libinit$$00000030)
    __rt_lib_init_fp_trap_1                  0x0800021f   Thumb Code     0  libinit2.o(.ARM.Collect$$libinit$$0000001F)
    __rt_lib_init_getenv_1                   0x0800021f   Thumb Code     0  libinit2.o(.ARM.Collect$$libinit$$00000023)
    __rt_lib_init_lc_ctype_1                 0x0800021f   Thumb Code     0  libinit2.o(.ARM.Collect$$libinit$$00000013)
    __rt_lib_init_lc_monetary_1              0x0800021f   Thumb Code     0  libinit2.o(.ARM.Collect$$libinit$$00000015)
    __rt_lib_init_lc_numeric_1               0x0800021f   Thumb Code     0  libinit2.o(.ARM.Collect$$libinit$$00000017)
    __rt_lib_init_lc_time_1                  0x0800021f   Thumb Code     0  libinit2.o(.ARM.Collect$$libinit$$00000019)
    __rt_lib_init_return                     0x0800021f   Thumb Code     0  libinit2.o(.ARM.Collect$$libinit$$00000033)
    __rt_lib_init_signal_1                   0x0800021f   Thumb Code     0  libinit2.o(.ARM.Collect$$libinit$$0000001D)
    __rt_lib_init_stdio_1                    0x0800021f   Thumb Code     0  libinit2.o(.ARM.Collect$$libinit$$00000025)
    __rt_lib_shutdown                        0x08000221   Thumb Code     0  libshutdown.o(.ARM.Collect$$libshutdown$$00000000)
    __rt_lib_shutdown_cpp_1                  0x08000223   Thumb Code     0  libshutdown2.o(.ARM.Collect$$libshutdown$$00000004)
    __rt_lib_shutdown_fini_1                 0x08000223   Thumb Code     0  libshutdown2.o(.ARM.Collect$$libshutdown$$00000002)
    __rt_lib_shutdown_fp_trap_1              0x08000223   Thumb Code     0  libshutdown2.o(.ARM.Collect$$libshutdown$$00000009)
    __rt_lib_shutdown_heap_1                 0x08000223   Thumb Code     0  libshutdown2.o(.ARM.Collect$$libshutdown$$00000011)
    __rt_lib_shutdown_return                 0x08000223   Thumb Code     0  libshutdown2.o(.ARM.Collect$$libshutdown$$00000012)
    __rt_lib_shutdown_signal_1               0x08000223   Thumb Code     0  libshutdown2.o(.ARM.Collect$$libshutdown$$0000000C)
    __rt_lib_shutdown_stdio_1                0x08000223   Thumb Code     0  libshutdown2.o(.ARM.Collect$$libshutdown$$00000006)
    __rt_lib_shutdown_user_alloc_1           0x08000223   Thumb Code     0  libshutdown2.o(.ARM.Collect$$libshutdown$$0000000E)
    __rt_entry                               0x08000225   Thumb Code     0  __rtentry.o(.ARM.Collect$$rtentry$$00000000)
    __rt_entry_presh_1                       0x08000225   Thumb Code     0  __rtentry2.o(.ARM.Collect$$rtentry$$00000002)
    __rt_entry_sh                            0x08000225   Thumb Code     0  __rtentry4.o(.ARM.Collect$$rtentry$$00000004)
    __rt_entry_li                            0x0800022b   Thumb Code     0  __rtentry2.o(.ARM.Collect$$rtentry$$0000000A)
    __rt_entry_postsh_1                      0x0800022b   Thumb Code     0  __rtentry2.o(.ARM.Collect$$rtentry$$00000009)
    __rt_entry_main                          0x0800022f   Thumb Code     0  __rtentry2.o(.ARM.Collect$$rtentry$$0000000D)
    __rt_entry_postli_1                      0x0800022f   Thumb Code     0  __rtentry2.o(.ARM.Collect$$rtentry$$0000000C)
    __rt_exit                                0x08000237   Thumb Code     0  rtexit.o(.ARM.Collect$$rtexit$$00000000)
    __rt_exit_ls                             0x08000239   Thumb Code     0  rtexit2.o(.ARM.Collect$$rtexit$$00000003)
    __rt_exit_prels_1                        0x08000239   Thumb Code     0  rtexit2.o(.ARM.Collect$$rtexit$$00000002)
    __rt_exit_exit                           0x0800023d   Thumb Code     0  rtexit2.o(.ARM.Collect$$rtexit$$00000004)
    Reset_Handler                            0x08000245   Thumb Code     8  startup_stm32f407xx.o(.text)
    ADC_IRQHandler                           0x0800025f   Thumb Code     0  startup_stm32f407xx.o(.text)
    CAN1_RX0_IRQHandler                      0x0800025f   Thumb Code     0  startup_stm32f407xx.o(.text)
    CAN1_RX1_IRQHandler                      0x0800025f   Thumb Code     0  startup_stm32f407xx.o(.text)
    CAN1_SCE_IRQHandler                      0x0800025f   Thumb Code     0  startup_stm32f407xx.o(.text)
    CAN1_TX_IRQHandler                       0x0800025f   Thumb Code     0  startup_stm32f407xx.o(.text)
    CAN2_RX0_IRQHandler                      0x0800025f   Thumb Code     0  startup_stm32f407xx.o(.text)
    CAN2_RX1_IRQHandler                      0x0800025f   Thumb Code     0  startup_stm32f407xx.o(.text)
    CAN2_SCE_IRQHandler                      0x0800025f   Thumb Code     0  startup_stm32f407xx.o(.text)
    CAN2_TX_IRQHandler                       0x0800025f   Thumb Code     0  startup_stm32f407xx.o(.text)
    DCMI_IRQHandler                          0x0800025f   Thumb Code     0  startup_stm32f407xx.o(.text)
    DMA1_Stream0_IRQHandler                  0x0800025f   Thumb Code     0  startup_stm32f407xx.o(.text)
    DMA1_Stream1_IRQHandler                  0x0800025f   Thumb Code     0  startup_stm32f407xx.o(.text)
    DMA1_Stream2_IRQHandler                  0x0800025f   Thumb Code     0  startup_stm32f407xx.o(.text)
    DMA1_Stream3_IRQHandler                  0x0800025f   Thumb Code     0  startup_stm32f407xx.o(.text)
    DMA1_Stream4_IRQHandler                  0x0800025f   Thumb Code     0  startup_stm32f407xx.o(.text)
    DMA1_Stream5_IRQHandler                  0x0800025f   Thumb Code     0  startup_stm32f407xx.o(.text)
    DMA1_Stream7_IRQHandler                  0x0800025f   Thumb Code     0  startup_stm32f407xx.o(.text)
    DMA2_Stream0_IRQHandler                  0x0800025f   Thumb Code     0  startup_stm32f407xx.o(.text)
    DMA2_Stream1_IRQHandler                  0x0800025f   Thumb Code     0  startup_stm32f407xx.o(.text)
    DMA2_Stream2_IRQHandler                  0x0800025f   Thumb Code     0  startup_stm32f407xx.o(.text)
    DMA2_Stream4_IRQHandler                  0x0800025f   Thumb Code     0  startup_stm32f407xx.o(.text)
    DMA2_Stream5_IRQHandler                  0x0800025f   Thumb Code     0  startup_stm32f407xx.o(.text)
    DMA2_Stream6_IRQHandler                  0x0800025f   Thumb Code     0  startup_stm32f407xx.o(.text)
    DMA2_Stream7_IRQHandler                  0x0800025f   Thumb Code     0  startup_stm32f407xx.o(.text)
    ETH_IRQHandler                           0x0800025f   Thumb Code     0  startup_stm32f407xx.o(.text)
    ETH_WKUP_IRQHandler                      0x0800025f   Thumb Code     0  startup_stm32f407xx.o(.text)
    EXTI0_IRQHandler                         0x0800025f   Thumb Code     0  startup_stm32f407xx.o(.text)
    EXTI15_10_IRQHandler                     0x0800025f   Thumb Code     0  startup_stm32f407xx.o(.text)
    EXTI1_IRQHandler                         0x0800025f   Thumb Code     0  startup_stm32f407xx.o(.text)
    EXTI2_IRQHandler                         0x0800025f   Thumb Code     0  startup_stm32f407xx.o(.text)
    EXTI3_IRQHandler                         0x0800025f   Thumb Code     0  startup_stm32f407xx.o(.text)
    EXTI4_IRQHandler                         0x0800025f   Thumb Code     0  startup_stm32f407xx.o(.text)
    FLASH_IRQHandler                         0x0800025f   Thumb Code     0  startup_stm32f407xx.o(.text)
    FMC_IRQHandler                           0x0800025f   Thumb Code     0  startup_stm32f407xx.o(.text)
    FPU_IRQHandler                           0x0800025f   Thumb Code     0  startup_stm32f407xx.o(.text)
    HASH_RNG_IRQHandler                      0x0800025f   Thumb Code     0  startup_stm32f407xx.o(.text)
    I2C1_ER_IRQHandler                       0x0800025f   Thumb Code     0  startup_stm32f407xx.o(.text)
    I2C1_EV_IRQHandler                       0x0800025f   Thumb Code     0  startup_stm32f407xx.o(.text)
    I2C2_ER_IRQHandler                       0x0800025f   Thumb Code     0  startup_stm32f407xx.o(.text)
    I2C2_EV_IRQHandler                       0x0800025f   Thumb Code     0  startup_stm32f407xx.o(.text)
    I2C3_ER_IRQHandler                       0x0800025f   Thumb Code     0  startup_stm32f407xx.o(.text)
    I2C3_EV_IRQHandler                       0x0800025f   Thumb Code     0  startup_stm32f407xx.o(.text)
    OTG_FS_IRQHandler                        0x0800025f   Thumb Code     0  startup_stm32f407xx.o(.text)
    OTG_FS_WKUP_IRQHandler                   0x0800025f   Thumb Code     0  startup_stm32f407xx.o(.text)
    OTG_HS_EP1_IN_IRQHandler                 0x0800025f   Thumb Code     0  startup_stm32f407xx.o(.text)
    OTG_HS_EP1_OUT_IRQHandler                0x0800025f   Thumb Code     0  startup_stm32f407xx.o(.text)
    OTG_HS_IRQHandler                        0x0800025f   Thumb Code     0  startup_stm32f407xx.o(.text)
    OTG_HS_WKUP_IRQHandler                   0x0800025f   Thumb Code     0  startup_stm32f407xx.o(.text)
    PVD_IRQHandler                           0x0800025f   Thumb Code     0  startup_stm32f407xx.o(.text)
    RCC_IRQHandler                           0x0800025f   Thumb Code     0  startup_stm32f407xx.o(.text)
    RTC_Alarm_IRQHandler                     0x0800025f   Thumb Code     0  startup_stm32f407xx.o(.text)
    RTC_WKUP_IRQHandler                      0x0800025f   Thumb Code     0  startup_stm32f407xx.o(.text)
    SDIO_IRQHandler                          0x0800025f   Thumb Code     0  startup_stm32f407xx.o(.text)
    SPI2_IRQHandler                          0x0800025f   Thumb Code     0  startup_stm32f407xx.o(.text)
    SPI3_IRQHandler                          0x0800025f   Thumb Code     0  startup_stm32f407xx.o(.text)
    TAMP_STAMP_IRQHandler                    0x0800025f   Thumb Code     0  startup_stm32f407xx.o(.text)
    TIM1_BRK_TIM9_IRQHandler                 0x0800025f   Thumb Code     0  startup_stm32f407xx.o(.text)
    TIM1_CC_IRQHandler                       0x0800025f   Thumb Code     0  startup_stm32f407xx.o(.text)
    TIM1_TRG_COM_TIM11_IRQHandler            0x0800025f   Thumb Code     0  startup_stm32f407xx.o(.text)
    TIM2_IRQHandler                          0x0800025f   Thumb Code     0  startup_stm32f407xx.o(.text)
    TIM3_IRQHandler                          0x0800025f   Thumb Code     0  startup_stm32f407xx.o(.text)
    TIM4_IRQHandler                          0x0800025f   Thumb Code     0  startup_stm32f407xx.o(.text)
    TIM5_IRQHandler                          0x0800025f   Thumb Code     0  startup_stm32f407xx.o(.text)
    TIM6_DAC_IRQHandler                      0x0800025f   Thumb Code     0  startup_stm32f407xx.o(.text)
    TIM7_IRQHandler                          0x0800025f   Thumb Code     0  startup_stm32f407xx.o(.text)
    TIM8_BRK_TIM12_IRQHandler                0x0800025f   Thumb Code     0  startup_stm32f407xx.o(.text)
    TIM8_CC_IRQHandler                       0x0800025f   Thumb Code     0  startup_stm32f407xx.o(.text)
    TIM8_TRG_COM_TIM14_IRQHandler            0x0800025f   Thumb Code     0  startup_stm32f407xx.o(.text)
    TIM8_UP_TIM13_IRQHandler                 0x0800025f   Thumb Code     0  startup_stm32f407xx.o(.text)
    UART4_IRQHandler                         0x0800025f   Thumb Code     0  startup_stm32f407xx.o(.text)
    UART5_IRQHandler                         0x0800025f   Thumb Code     0  startup_stm32f407xx.o(.text)
    USART6_IRQHandler                        0x0800025f   Thumb Code     0  startup_stm32f407xx.o(.text)
    WWDG_IRQHandler                          0x0800025f   Thumb Code     0  startup_stm32f407xx.o(.text)
    __user_initial_stackheap                 0x08000261   Thumb Code     0  startup_stm32f407xx.o(.text)
    __aeabi_uldivmod                         0x08000285   Thumb Code     0  lludivv7m.o(.text)
    _ll_udiv                                 0x08000285   Thumb Code   238  lludivv7m.o(.text)
    __2sprintf                               0x08000375   Thumb Code    34  noretval__2sprintf.o(.text)
    _printf_pre_padding                      0x0800039d   Thumb Code    44  _printf_pad.o(.text)
    _printf_post_padding                     0x080003c9   Thumb Code    34  _printf_pad.o(.text)
    _printf_int_dec                          0x080003ed   Thumb Code   104  _printf_dec.o(.text)
    __printf                                 0x08000465   Thumb Code   270  __printf_wp.o(.text)
    __0sscanf                                0x08000575   Thumb Code    52  __0sscanf.o(.text)
    _scanf_int                               0x080005b1   Thumb Code   332  _scanf_int.o(.text)
    strlen                                   0x080006fd   Thumb Code    62  strlen.o(.text)
    __aeabi_memcpy4                          0x0800073b   Thumb Code     0  rt_memcpy_w.o(.text)
    __aeabi_memcpy8                          0x0800073b   Thumb Code     0  rt_memcpy_w.o(.text)
    __rt_memcpy_w                            0x0800073b   Thumb Code   100  rt_memcpy_w.o(.text)
    _memcpy_lastbytes_aligned                0x08000783   Thumb Code     0  rt_memcpy_w.o(.text)
    __aeabi_memclr                           0x0800079f   Thumb Code     0  rt_memclr.o(.text)
    __rt_memclr                              0x0800079f   Thumb Code    68  rt_memclr.o(.text)
    _memset                                  0x080007a3   Thumb Code     0  rt_memclr.o(.text)
    __aeabi_memclr4                          0x080007e3   Thumb Code     0  rt_memclr_w.o(.text)
    __aeabi_memclr8                          0x080007e3   Thumb Code     0  rt_memclr_w.o(.text)
    __rt_memclr_w                            0x080007e3   Thumb Code    78  rt_memclr_w.o(.text)
    _memset_w                                0x080007e7   Thumb Code     0  rt_memclr_w.o(.text)
    __use_two_region_memory                  0x08000831   Thumb Code     2  heapauxi.o(.text)
    __rt_heap_escrow$2region                 0x08000833   Thumb Code     2  heapauxi.o(.text)
    __rt_heap_expand$2region                 0x08000835   Thumb Code     2  heapauxi.o(.text)
    _printf_int_common                       0x08000837   Thumb Code   178  _printf_intcommon.o(.text)
    _printf_char_common                      0x080008f3   Thumb Code    32  _printf_char_common.o(.text)
    _sputc                                   0x08000919   Thumb Code    10  _sputc.o(.text)
    _chval                                   0x08000923   Thumb Code    28  _chval.o(.text)
    __vfscanf_char                           0x0800094d   Thumb Code    24  scanf_char.o(.text)
    _sgetc                                   0x0800096d   Thumb Code    30  _sgetc.o(.text)
    _sbackspace                              0x0800098b   Thumb Code    34  _sgetc.o(.text)
    isspace                                  0x080009ad   Thumb Code    18  isspace.o(.text)
    __vfscanf                                0x080009c1   Thumb Code   880  _scanf.o(.text)
    __user_setup_stackheap                   0x08000d35   Thumb Code    74  sys_stackheap_outer.o(.text)
    __rt_ctype_table                         0x08000d81   Thumb Code    16  rt_ctype_table.o(.text)
    exit                                     0x08000d91   Thumb Code    18  exit.o(.text)
    __user_libspace                          0x08000da5   Thumb Code     8  libspace.o(.text)
    __user_perproc_libspace                  0x08000da5   Thumb Code     0  libspace.o(.text)
    __user_perthread_libspace                0x08000da5   Thumb Code     0  libspace.o(.text)
    __rt_locale                              0x08000dad   Thumb Code     8  rt_locale_intlibspace.o(.text)
    _sys_exit                                0x08000db5   Thumb Code     8  sys_exit.o(.text)
    strcmp                                   0x08000dc1   Thumb Code   128  strcmpv7m.o(.text)
    __I$use$semihosting                      0x08000e41   Thumb Code     0  use_no_semi.o(.text)
    __use_no_semihosting_swi                 0x08000e41   Thumb Code     2  use_no_semi.o(.text)
    BusFault_Handler                         0x08000e43   Thumb Code     2  stm32f4xx_it.o(i.BusFault_Handler)
    __semihosting_library_function           0x08000e43   Thumb Code     0  indicate_semi.o(.text)
    DMA1_Stream6_IRQHandler                  0x08000e45   Thumb Code     6  stm32f4xx_it.o(i.DMA1_Stream6_IRQHandler)
    DMA2_Stream3_IRQHandler                  0x08000e51   Thumb Code     6  stm32f4xx_it.o(i.DMA2_Stream3_IRQHandler)
    DebugMon_Handler                         0x08000f01   Thumb Code     2  stm32f4xx_it.o(i.DebugMon_Handler)
    EXTI9_5_IRQHandler                       0x08000f03   Thumb Code    20  stm32f4xx_it.o(i.EXTI9_5_IRQHandler)
    Error_Handler                            0x08000f17   Thumb Code     4  main.o(i.Error_Handler)
    HAL_DMA_Abort                            0x08000f1b   Thumb Code   146  stm32f4xx_hal_dma.o(i.HAL_DMA_Abort)
    HAL_DMA_Abort_IT                         0x08000fad   Thumb Code    36  stm32f4xx_hal_dma.o(i.HAL_DMA_Abort_IT)
    HAL_DMA_IRQHandler                       0x08000fd1   Thumb Code   412  stm32f4xx_hal_dma.o(i.HAL_DMA_IRQHandler)
    HAL_DMA_Init                             0x08001171   Thumb Code   206  stm32f4xx_hal_dma.o(i.HAL_DMA_Init)
    HAL_DMA_Start_IT                         0x08001245   Thumb Code   110  stm32f4xx_hal_dma.o(i.HAL_DMA_Start_IT)
    HAL_GPIO_EXTI_Callback                   0x080012b5   Thumb Code   276  main.o(i.HAL_GPIO_EXTI_Callback)
    HAL_GPIO_EXTI_IRQHandler                 0x080013dd   Thumb Code    18  stm32f4xx_hal_gpio.o(i.HAL_GPIO_EXTI_IRQHandler)
    HAL_GPIO_Init                            0x080013f5   Thumb Code   418  stm32f4xx_hal_gpio.o(i.HAL_GPIO_Init)
    HAL_GPIO_WritePin                        0x080015c5   Thumb Code    10  stm32f4xx_hal_gpio.o(i.HAL_GPIO_WritePin)
    HAL_GetTick                              0x080015d1   Thumb Code     6  stm32f4xx_hal.o(i.HAL_GetTick)
    HAL_I2C_Init                             0x080015dd   Thumb Code   376  stm32f4xx_hal_i2c.o(i.HAL_I2C_Init)
    HAL_I2C_MspInit                          0x08001765   Thumb Code   142  i2c.o(i.HAL_I2C_MspInit)
    HAL_IncTick                              0x08001809   Thumb Code    12  stm32f4xx_hal.o(i.HAL_IncTick)
    HAL_Init                                 0x08001819   Thumb Code    48  stm32f4xx_hal.o(i.HAL_Init)
    HAL_InitTick                             0x0800184d   Thumb Code    54  stm32f4xx_hal.o(i.HAL_InitTick)
    HAL_MspInit                              0x0800188d   Thumb Code    42  stm32f4xx_hal_msp.o(i.HAL_MspInit)
    HAL_NVIC_EnableIRQ                       0x080018bd   Thumb Code    26  stm32f4xx_hal_cortex.o(i.HAL_NVIC_EnableIRQ)
    HAL_NVIC_SetPriority                     0x080018d9   Thumb Code    60  stm32f4xx_hal_cortex.o(i.HAL_NVIC_SetPriority)
    HAL_NVIC_SetPriorityGrouping             0x08001919   Thumb Code    26  stm32f4xx_hal_cortex.o(i.HAL_NVIC_SetPriorityGrouping)
    HAL_RCC_ClockConfig                      0x0800193d   Thumb Code   288  stm32f4xx_hal_rcc.o(i.HAL_RCC_ClockConfig)
    HAL_RCC_GetPCLK1Freq                     0x08001a71   Thumb Code    20  stm32f4xx_hal_rcc.o(i.HAL_RCC_GetPCLK1Freq)
    HAL_RCC_GetPCLK2Freq                     0x08001a91   Thumb Code    20  stm32f4xx_hal_rcc.o(i.HAL_RCC_GetPCLK2Freq)
    HAL_RCC_GetSysClockFreq                  0x08001ab1   Thumb Code    88  stm32f4xx_hal_rcc.o(i.HAL_RCC_GetSysClockFreq)
    HAL_RCC_OscConfig                        0x08001b11   Thumb Code   836  stm32f4xx_hal_rcc.o(i.HAL_RCC_OscConfig)
    HAL_SPI_ErrorCallback                    0x08001e69   Thumb Code     2  stm32f4xx_hal_spi.o(i.HAL_SPI_ErrorCallback)
    HAL_SPI_IRQHandler                       0x08001e6d   Thumb Code   246  stm32f4xx_hal_spi.o(i.HAL_SPI_IRQHandler)
    HAL_SPI_Init                             0x08001f69   Thumb Code   188  stm32f4xx_hal_spi.o(i.HAL_SPI_Init)
    HAL_SPI_MspInit                          0x08002025   Thumb Code   160  spi.o(i.HAL_SPI_MspInit)
    HAL_SPI_Transmit                         0x080020d9   Thumb Code   358  stm32f4xx_hal_spi.o(i.HAL_SPI_Transmit)
    HAL_SPI_Transmit_DMA                     0x08002241   Thumb Code   190  stm32f4xx_hal_spi.o(i.HAL_SPI_Transmit_DMA)
    HAL_SPI_TxCpltCallback                   0x0800230d   Thumb Code     2  stm32f4xx_hal_spi.o(i.HAL_SPI_TxCpltCallback)
    HAL_SPI_TxHalfCpltCallback               0x0800230f   Thumb Code     2  stm32f4xx_hal_spi.o(i.HAL_SPI_TxHalfCpltCallback)
    HAL_SYSTICK_Config                       0x08002311   Thumb Code    40  stm32f4xx_hal_cortex.o(i.HAL_SYSTICK_Config)
    HAL_TIMEx_BreakCallback                  0x08002339   Thumb Code     2  stm32f4xx_hal_tim_ex.o(i.HAL_TIMEx_BreakCallback)
    HAL_TIMEx_CommutCallback                 0x0800233b   Thumb Code     2  stm32f4xx_hal_tim_ex.o(i.HAL_TIMEx_CommutCallback)
    HAL_TIMEx_MasterConfigSynchronization    0x0800233d   Thumb Code   116  stm32f4xx_hal_tim_ex.o(i.HAL_TIMEx_MasterConfigSynchronization)
    HAL_TIM_Base_Init                        0x080023cd   Thumb Code    90  stm32f4xx_hal_tim.o(i.HAL_TIM_Base_Init)
    HAL_TIM_Base_MspInit                     0x08002429   Thumb Code    50  tim.o(i.HAL_TIM_Base_MspInit)
    HAL_TIM_Base_Start_IT                    0x08002465   Thumb Code   100  stm32f4xx_hal_tim.o(i.HAL_TIM_Base_Start_IT)
    HAL_TIM_ConfigClockSource                0x080024e5   Thumb Code   220  stm32f4xx_hal_tim.o(i.HAL_TIM_ConfigClockSource)
    HAL_TIM_IC_CaptureCallback               0x080025c1   Thumb Code     2  stm32f4xx_hal_tim.o(i.HAL_TIM_IC_CaptureCallback)
    HAL_TIM_IRQHandler                       0x080025c3   Thumb Code   304  stm32f4xx_hal_tim.o(i.HAL_TIM_IRQHandler)
    HAL_TIM_MspPostInit                      0x080026f5   Thumb Code   108  tim.o(i.HAL_TIM_MspPostInit)
    HAL_TIM_OC_DelayElapsedCallback          0x0800276d   Thumb Code     2  stm32f4xx_hal_tim.o(i.HAL_TIM_OC_DelayElapsedCallback)
    HAL_TIM_PWM_ConfigChannel                0x0800276f   Thumb Code   204  stm32f4xx_hal_tim.o(i.HAL_TIM_PWM_ConfigChannel)
    HAL_TIM_PWM_Init                         0x0800283b   Thumb Code    90  stm32f4xx_hal_tim.o(i.HAL_TIM_PWM_Init)
    HAL_TIM_PWM_MspInit                      0x08002895   Thumb Code    30  tim.o(i.HAL_TIM_PWM_MspInit)
    HAL_TIM_PWM_PulseFinishedCallback        0x080028b9   Thumb Code     2  stm32f4xx_hal_tim.o(i.HAL_TIM_PWM_PulseFinishedCallback)
    HAL_TIM_PWM_Start                        0x080028bd   Thumb Code   178  stm32f4xx_hal_tim.o(i.HAL_TIM_PWM_Start)
    HAL_TIM_PeriodElapsedCallback            0x0800298d   Thumb Code    18  main.o(i.HAL_TIM_PeriodElapsedCallback)
    HAL_TIM_TriggerCallback                  0x080029a9   Thumb Code     2  stm32f4xx_hal_tim.o(i.HAL_TIM_TriggerCallback)
    HAL_UARTEx_RxEventCallback               0x080029ab   Thumb Code     2  stm32f4xx_hal_uart.o(i.HAL_UARTEx_RxEventCallback)
    HAL_UART_ErrorCallback                   0x080029ad   Thumb Code     2  stm32f4xx_hal_uart.o(i.HAL_UART_ErrorCallback)
    HAL_UART_IRQHandler                      0x080029b1   Thumb Code   618  stm32f4xx_hal_uart.o(i.HAL_UART_IRQHandler)
    HAL_UART_Init                            0x08002c21   Thumb Code   100  stm32f4xx_hal_uart.o(i.HAL_UART_Init)
    HAL_UART_MspInit                         0x08002c85   Thumb Code   256  usart.o(i.HAL_UART_MspInit)
    HAL_UART_Receive_IT                      0x08002d9d   Thumb Code    28  stm32f4xx_hal_uart.o(i.HAL_UART_Receive_IT)
    HAL_UART_RxCpltCallback                  0x08002db9   Thumb Code   112  main.o(i.HAL_UART_RxCpltCallback)
    HAL_UART_Transmit                        0x08002e39   Thumb Code   160  stm32f4xx_hal_uart.o(i.HAL_UART_Transmit)
    HAL_UART_TxCpltCallback                  0x08002ed9   Thumb Code     2  stm32f4xx_hal_uart.o(i.HAL_UART_TxCpltCallback)
    HardFault_Handler                        0x08002edb   Thumb Code     2  stm32f4xx_it.o(i.HardFault_Handler)
    MX_DMA_Init                              0x08002edd   Thumb Code    72  dma.o(i.MX_DMA_Init)
    MX_GPIO_Init                             0x08002f29   Thumb Code   318  gpio.o(i.MX_GPIO_Init)
    MX_I2C1_Init                             0x08003081   Thumb Code    50  i2c.o(i.MX_I2C1_Init)
    MX_SPI1_Init                             0x080030c1   Thumb Code    64  spi.o(i.MX_SPI1_Init)
    MX_TIM1_Init                             0x08003109   Thumb Code    96  tim.o(i.MX_TIM1_Init)
    MX_TIM2_Init                             0x08003171   Thumb Code   156  tim.o(i.MX_TIM2_Init)
    MX_USART1_UART_Init                      0x08003211   Thumb Code    48  usart.o(i.MX_USART1_UART_Init)
    MX_USART2_UART_Init                      0x08003249   Thumb Code    48  usart.o(i.MX_USART2_UART_Init)
    MX_USART3_UART_Init                      0x08003281   Thumb Code    48  usart.o(i.MX_USART3_UART_Init)
    MemManage_Handler                        0x080032b9   Thumb Code     2  stm32f4xx_it.o(i.MemManage_Handler)
    NMI_Handler                              0x080032bb   Thumb Code     2  stm32f4xx_it.o(i.NMI_Handler)
    PendSV_Handler                           0x080032bd   Thumb Code     2  stm32f4xx_it.o(i.PendSV_Handler)
    SPI1_IRQHandler                          0x080032c1   Thumb Code     6  stm32f4xx_it.o(i.SPI1_IRQHandler)
    SPI_SetDataSize_16bit                    0x080033d9   Thumb Code    26  tft.o(i.SPI_SetDataSize_16bit)
    SPI_SetDataSize_8bit                     0x080033f3   Thumb Code    24  tft.o(i.SPI_SetDataSize_8bit)
    SVC_Handler                              0x080034c5   Thumb Code     2  stm32f4xx_it.o(i.SVC_Handler)
    Screen_show_char                         0x080034c9   Thumb Code   244  tft.o(i.Screen_show_char)
    Screen_show_string                       0x080035cd   Thumb Code    62  tft.o(i.Screen_show_string)
    SysTick_Handler                          0x0800360b   Thumb Code     4  stm32f4xx_it.o(i.SysTick_Handler)
    SystemClock_Config                       0x08003611   Thumb Code   138  main.o(i.SystemClock_Config)
    SystemInit                               0x080036a5   Thumb Code    12  system_stm32f4xx.o(i.SystemInit)
    TFT_SEND_CMD                             0x080036b5   Thumb Code    50  tft.o(i.TFT_SEND_CMD)
    TFT_SEND_DATA                            0x080036f5   Thumb Code    44  tft.o(i.TFT_SEND_DATA)
    TFT_SEND_DATA_16                         0x0800372d   Thumb Code    46  tft.o(i.TFT_SEND_DATA_16)
    TFT_SetWindows                           0x08003769   Thumb Code    66  tft.o(i.TFT_SetWindows)
    TFT_display_point                        0x080037ab   Thumb Code    22  tft.o(i.TFT_display_point)
    TFT_full_color                           0x080037c1   Thumb Code    98  tft.o(i.TFT_full_color)
    TIM1_UP_TIM10_IRQHandler                 0x08003835   Thumb Code     6  stm32f4xx_it.o(i.TIM1_UP_TIM10_IRQHandler)
    TIM_Base_SetConfig                       0x08003841   Thumb Code   170  stm32f4xx_hal_tim.o(i.TIM_Base_SetConfig)
    TIM_CCxChannelCmd                        0x08003919   Thumb Code    26  stm32f4xx_hal_tim.o(i.TIM_CCxChannelCmd)
    TIM_ETR_SetConfig                        0x08003933   Thumb Code    20  stm32f4xx_hal_tim.o(i.TIM_ETR_SetConfig)
    TIM_OC2_SetConfig                        0x080039b9   Thumb Code    98  stm32f4xx_hal_tim.o(i.TIM_OC2_SetConfig)
    UART_Start_Receive_IT                    0x08003d51   Thumb Code    54  stm32f4xx_hal_uart.o(i.UART_Start_Receive_IT)
    USART1_IRQHandler                        0x08003df9   Thumb Code     6  stm32f4xx_it.o(i.USART1_IRQHandler)
    USART2_IRQHandler                        0x08003e05   Thumb Code     6  stm32f4xx_it.o(i.USART2_IRQHandler)
    USART3_IRQHandler                        0x08003e11   Thumb Code     6  stm32f4xx_it.o(i.USART3_IRQHandler)
    UsageFault_Handler                       0x08003e1d   Thumb Code     2  stm32f4xx_it.o(i.UsageFault_Handler)
    _is_digit                                0x08003e3f   Thumb Code    14  __printf_wp.o(i._is_digit)
    calcu                                    0x08003e4d   Thumb Code   364  pid.o(i.calcu)
    delay_ms                                 0x08003fc1   Thumb Code    36  main.o(i.delay_ms)
    delay_us                                 0x08003fe5   Thumb Code    36  main.o(i.delay_us)
    draw                                     0x08004009   Thumb Code   228  func.o(i.draw)
    main                                     0x08004121   Thumb Code  1168  main.o(i.main)
    tft_init                                 0x080045b1   Thumb Code   490  tft.o(i.tft_init)
    _get_lc_ctype                            0x080047a1   Thumb Code    44  lc_ctype_c.o(locale$$code)
    _fp_init                                 0x080047cd   Thumb Code    10  fpinit.o(x$fpl$fpinit)
    __fplib_config_fpu_vfp                   0x080047d5   Thumb Code     0  fpinit.o(x$fpl$fpinit)
    __fplib_config_pureend_doubles           0x080047d5   Thumb Code     0  fpinit.o(x$fpl$fpinit)
    AHBPrescTable                            0x08004898   Data          16  system_stm32f4xx.o(.constdata)
    APBPrescTable                            0x080048a8   Data           8  system_stm32f4xx.o(.constdata)
    Region$$Table$$Base                      0x08006958   Number         0  anon$$obj.o(Region$$Table)
    Region$$Table$$Limit                     0x08006978   Number         0  anon$$obj.o(Region$$Table)
    __ctype                                  0x08006985   Data           0  lc_ctype_c.o(locale$$data)
    mode                                     0x20000000   Data           4  main.o(.data)
    NVIC_flag                                0x20000004   Data           4  main.o(.data)
    stopflag                                 0x20000008   Data           4  main.o(.data)
    Timer_counter                            0x2000000c   Data           4  main.o(.data)
    dif                                      0x20000010   Data           8  main.o(.data)
    dif_dot                                  0x20000018   Data           8  main.o(.data)
    rotation_green                           0x20000020   Data           8  main.o(.data)
    rotation_red                             0x20000028   Data           8  main.o(.data)
    uwTickFreq                               0x20000030   Data           1  stm32f4xx_hal.o(.data)
    uwTickPrio                               0x20000034   Data           4  stm32f4xx_hal.o(.data)
    uwTick                                   0x20000038   Data           4  stm32f4xx_hal.o(.data)
    SystemCoreClock                          0x2000003c   Data           4  system_stm32f4xx.o(.data)
    cal_time                                 0x20000040   Data           4  pid.o(.data)
    calcu_result                             0x20000044   Data           8  pid.o(.data)
    calcu_tran                               0x2000004c   Data           8  pid.o(.data)
    PID_red                                  0x20000054   Data          56  pid.o(.data)
    PID_green                                0x2000008c   Data          56  pid.o(.data)
    Font_11x18                               0x200000c4   Data           8  fonts.o(.data)
    Font_16x26                               0x200000cc   Data           8  fonts.o(.data)
    state_16                                 0x200000d4   Data           4  tft.o(.data)
    UART_cam                                 0x200000d8   Data         112  main.o(.bss)
    UART_PC                                  0x20000148   Data         112  main.o(.bss)
    UART_Mot                                 0x200001b8   Data         112  main.o(.bss)
    hi2c1                                    0x20000228   Data          84  i2c.o(.bss)
    hdma_i2c1_tx                             0x2000027c   Data          96  i2c.o(.bss)
    hspi1                                    0x200002dc   Data          88  spi.o(.bss)
    hdma_spi1_tx                             0x20000334   Data          96  spi.o(.bss)
    htim1                                    0x20000394   Data          72  tim.o(.bss)
    htim2                                    0x200003dc   Data          72  tim.o(.bss)
    huart1                                   0x20000424   Data          72  usart.o(.bss)
    huart2                                   0x2000046c   Data          72  usart.o(.bss)
    huart3                                   0x200004b4   Data          72  usart.o(.bss)
    display_buf                              0x200004fc   Data        9600  tft.o(.bss)
    __libspace_start                         0x20002a7c   Data          96  libspace.o(.bss)
    __temporary_stack_top$libspace           0x20002adc   Data           0  libspace.o(.bss)



==============================================================================

Memory Map of the image

  Image Entry point : 0x08000189

  Load Region LR_IROM1 (Base: 0x08000000, Size: 0x00006b60, Max: 0x00100000, ABSOLUTE)

    Execution Region ER_IROM1 (Exec base: 0x08000000, Load base: 0x08000000, Size: 0x00006a88, Max: 0x00100000, ABSOLUTE)

    Exec Addr    Load Addr    Size         Type   Attr      Idx    E Section Name        Object

    0x08000000   0x08000000   0x00000188   Data   RO            3    RESET               startup_stm32f407xx.o
    0x08000188   0x08000188   0x00000008   Code   RO         4252  * !!!main             c_w.l(__main.o)
    0x08000190   0x08000190   0x00000034   Code   RO         4452    !!!scatter          c_w.l(__scatter.o)
    0x080001c4   0x080001c4   0x0000001a   Code   RO         4454    !!handler_copy      c_w.l(__scatter_copy.o)
    0x080001de   0x080001de   0x00000002   PAD
    0x080001e0   0x080001e0   0x0000001c   Code   RO         4456    !!handler_zi        c_w.l(__scatter_zi.o)
    0x080001fc   0x080001fc   0x00000000   Code   RO         4237    .ARM.Collect$$_printf_percent$$00000000  c_w.l(_printf_percent.o)
    0x080001fc   0x080001fc   0x00000006   Code   RO         4236    .ARM.Collect$$_printf_percent$$00000009  c_w.l(_printf_d.o)
    0x08000202   0x08000202   0x00000004   Code   RO         4265    .ARM.Collect$$_printf_percent$$00000017  c_w.l(_printf_percent_end.o)
    0x08000206   0x08000206   0x00000002   Code   RO         4310    .ARM.Collect$$libinit$$00000000  c_w.l(libinit.o)
    0x08000208   0x08000208   0x00000004   Code   RO         4330    .ARM.Collect$$libinit$$00000001  c_w.l(libinit2.o)
    0x0800020c   0x0800020c   0x00000000   Code   RO         4333    .ARM.Collect$$libinit$$00000004  c_w.l(libinit2.o)
    0x0800020c   0x0800020c   0x00000000   Code   RO         4336    .ARM.Collect$$libinit$$0000000A  c_w.l(libinit2.o)
    0x0800020c   0x0800020c   0x00000000   Code   RO         4338    .ARM.Collect$$libinit$$0000000C  c_w.l(libinit2.o)
    0x0800020c   0x0800020c   0x00000000   Code   RO         4340    .ARM.Collect$$libinit$$0000000E  c_w.l(libinit2.o)
    0x0800020c   0x0800020c   0x00000006   Code   RO         4341    .ARM.Collect$$libinit$$0000000F  c_w.l(libinit2.o)
    0x08000212   0x08000212   0x00000000   Code   RO         4343    .ARM.Collect$$libinit$$00000011  c_w.l(libinit2.o)
    0x08000212   0x08000212   0x0000000c   Code   RO         4344    .ARM.Collect$$libinit$$00000012  c_w.l(libinit2.o)
    0x0800021e   0x0800021e   0x00000000   Code   RO         4345    .ARM.Collect$$libinit$$00000013  c_w.l(libinit2.o)
    0x0800021e   0x0800021e   0x00000000   Code   RO         4347    .ARM.Collect$$libinit$$00000015  c_w.l(libinit2.o)
    0x0800021e   0x0800021e   0x00000000   Code   RO         4349    .ARM.Collect$$libinit$$00000017  c_w.l(libinit2.o)
    0x0800021e   0x0800021e   0x00000000   Code   RO         4351    .ARM.Collect$$libinit$$00000019  c_w.l(libinit2.o)
    0x0800021e   0x0800021e   0x00000000   Code   RO         4353    .ARM.Collect$$libinit$$0000001B  c_w.l(libinit2.o)
    0x0800021e   0x0800021e   0x00000000   Code   RO         4355    .ARM.Collect$$libinit$$0000001D  c_w.l(libinit2.o)
    0x0800021e   0x0800021e   0x00000000   Code   RO         4357    .ARM.Collect$$libinit$$0000001F  c_w.l(libinit2.o)
    0x0800021e   0x0800021e   0x00000000   Code   RO         4359    .ARM.Collect$$libinit$$00000021  c_w.l(libinit2.o)
    0x0800021e   0x0800021e   0x00000000   Code   RO         4361    .ARM.Collect$$libinit$$00000023  c_w.l(libinit2.o)
    0x0800021e   0x0800021e   0x00000000   Code   RO         4363    .ARM.Collect$$libinit$$00000025  c_w.l(libinit2.o)
    0x0800021e   0x0800021e   0x00000000   Code   RO         4367    .ARM.Collect$$libinit$$0000002C  c_w.l(libinit2.o)
    0x0800021e   0x0800021e   0x00000000   Code   RO         4369    .ARM.Collect$$libinit$$0000002E  c_w.l(libinit2.o)
    0x0800021e   0x0800021e   0x00000000   Code   RO         4371    .ARM.Collect$$libinit$$00000030  c_w.l(libinit2.o)
    0x0800021e   0x0800021e   0x00000000   Code   RO         4373    .ARM.Collect$$libinit$$00000032  c_w.l(libinit2.o)
    0x0800021e   0x0800021e   0x00000002   Code   RO         4374    .ARM.Collect$$libinit$$00000033  c_w.l(libinit2.o)
    0x08000220   0x08000220   0x00000002   Code   RO         4407    .ARM.Collect$$libshutdown$$00000000  c_w.l(libshutdown.o)
    0x08000222   0x08000222   0x00000000   Code   RO         4433    .ARM.Collect$$libshutdown$$00000002  c_w.l(libshutdown2.o)
    0x08000222   0x08000222   0x00000000   Code   RO         4435    .ARM.Collect$$libshutdown$$00000004  c_w.l(libshutdown2.o)
    0x08000222   0x08000222   0x00000000   Code   RO         4437    .ARM.Collect$$libshutdown$$00000006  c_w.l(libshutdown2.o)
    0x08000222   0x08000222   0x00000000   Code   RO         4440    .ARM.Collect$$libshutdown$$00000009  c_w.l(libshutdown2.o)
    0x08000222   0x08000222   0x00000000   Code   RO         4443    .ARM.Collect$$libshutdown$$0000000C  c_w.l(libshutdown2.o)
    0x08000222   0x08000222   0x00000000   Code   RO         4445    .ARM.Collect$$libshutdown$$0000000E  c_w.l(libshutdown2.o)
    0x08000222   0x08000222   0x00000000   Code   RO         4448    .ARM.Collect$$libshutdown$$00000011  c_w.l(libshutdown2.o)
    0x08000222   0x08000222   0x00000002   Code   RO         4449    .ARM.Collect$$libshutdown$$00000012  c_w.l(libshutdown2.o)
    0x08000224   0x08000224   0x00000000   Code   RO         4254    .ARM.Collect$$rtentry$$00000000  c_w.l(__rtentry.o)
    0x08000224   0x08000224   0x00000000   Code   RO         4273    .ARM.Collect$$rtentry$$00000002  c_w.l(__rtentry2.o)
    0x08000224   0x08000224   0x00000006   Code   RO         4285    .ARM.Collect$$rtentry$$00000004  c_w.l(__rtentry4.o)
    0x0800022a   0x0800022a   0x00000000   Code   RO         4275    .ARM.Collect$$rtentry$$00000009  c_w.l(__rtentry2.o)
    0x0800022a   0x0800022a   0x00000004   Code   RO         4276    .ARM.Collect$$rtentry$$0000000A  c_w.l(__rtentry2.o)
    0x0800022e   0x0800022e   0x00000000   Code   RO         4278    .ARM.Collect$$rtentry$$0000000C  c_w.l(__rtentry2.o)
    0x0800022e   0x0800022e   0x00000008   Code   RO         4279    .ARM.Collect$$rtentry$$0000000D  c_w.l(__rtentry2.o)
    0x08000236   0x08000236   0x00000002   Code   RO         4314    .ARM.Collect$$rtexit$$00000000  c_w.l(rtexit.o)
    0x08000238   0x08000238   0x00000000   Code   RO         4378    .ARM.Collect$$rtexit$$00000002  c_w.l(rtexit2.o)
    0x08000238   0x08000238   0x00000004   Code   RO         4379    .ARM.Collect$$rtexit$$00000003  c_w.l(rtexit2.o)
    0x0800023c   0x0800023c   0x00000006   Code   RO         4380    .ARM.Collect$$rtexit$$00000004  c_w.l(rtexit2.o)
    0x08000242   0x08000242   0x00000002   PAD
    0x08000244   0x08000244   0x00000040   Code   RO            4    .text               startup_stm32f407xx.o
    0x08000284   0x08000284   0x000000ee   Code   RO         4204    .text               c_w.l(lludivv7m.o)
    0x08000372   0x08000372   0x00000002   PAD
    0x08000374   0x08000374   0x00000028   Code   RO         4208    .text               c_w.l(noretval__2sprintf.o)
    0x0800039c   0x0800039c   0x0000004e   Code   RO         4212    .text               c_w.l(_printf_pad.o)
    0x080003ea   0x080003ea   0x00000002   PAD
    0x080003ec   0x080003ec   0x00000078   Code   RO         4214    .text               c_w.l(_printf_dec.o)
    0x08000464   0x08000464   0x0000010e   Code   RO         4224    .text               c_w.l(__printf_wp.o)
    0x08000572   0x08000572   0x00000002   PAD
    0x08000574   0x08000574   0x0000003c   Code   RO         4238    .text               c_w.l(__0sscanf.o)
    0x080005b0   0x080005b0   0x0000014c   Code   RO         4240    .text               c_w.l(_scanf_int.o)
    0x080006fc   0x080006fc   0x0000003e   Code   RO         4242    .text               c_w.l(strlen.o)
    0x0800073a   0x0800073a   0x00000064   Code   RO         4244    .text               c_w.l(rt_memcpy_w.o)
    0x0800079e   0x0800079e   0x00000044   Code   RO         4246    .text               c_w.l(rt_memclr.o)
    0x080007e2   0x080007e2   0x0000004e   Code   RO         4248    .text               c_w.l(rt_memclr_w.o)
    0x08000830   0x08000830   0x00000006   Code   RO         4250    .text               c_w.l(heapauxi.o)
    0x08000836   0x08000836   0x000000b2   Code   RO         4259    .text               c_w.l(_printf_intcommon.o)
    0x080008e8   0x080008e8   0x00000030   Code   RO         4261    .text               c_w.l(_printf_char_common.o)
    0x08000918   0x08000918   0x0000000a   Code   RO         4263    .text               c_w.l(_sputc.o)
    0x08000922   0x08000922   0x0000001c   Code   RO         4266    .text               c_w.l(_chval.o)
    0x0800093e   0x0800093e   0x00000002   PAD
    0x08000940   0x08000940   0x0000002c   Code   RO         4268    .text               c_w.l(scanf_char.o)
    0x0800096c   0x0800096c   0x00000040   Code   RO         4270    .text               c_w.l(_sgetc.o)
    0x080009ac   0x080009ac   0x00000012   Code   RO         4289    .text               c_w.l(isspace.o)
    0x080009be   0x080009be   0x00000002   PAD
    0x080009c0   0x080009c0   0x00000374   Code   RO         4293    .text               c_w.l(_scanf.o)
    0x08000d34   0x08000d34   0x0000004a   Code   RO         4295    .text               c_w.l(sys_stackheap_outer.o)
    0x08000d7e   0x08000d7e   0x00000002   PAD
    0x08000d80   0x08000d80   0x00000010   Code   RO         4297    .text               c_w.l(rt_ctype_table.o)
    0x08000d90   0x08000d90   0x00000012   Code   RO         4299    .text               c_w.l(exit.o)
    0x08000da2   0x08000da2   0x00000002   PAD
    0x08000da4   0x08000da4   0x00000008   Code   RO         4311    .text               c_w.l(libspace.o)
    0x08000dac   0x08000dac   0x00000008   Code   RO         4321    .text               c_w.l(rt_locale_intlibspace.o)
    0x08000db4   0x08000db4   0x0000000c   Code   RO         4375    .text               c_w.l(sys_exit.o)
    0x08000dc0   0x08000dc0   0x00000080   Code   RO         4388    .text               c_w.l(strcmpv7m.o)
    0x08000e40   0x08000e40   0x00000002   Code   RO         4396    .text               c_w.l(use_no_semi.o)
    0x08000e42   0x08000e42   0x00000000   Code   RO         4398    .text               c_w.l(indicate_semi.o)
    0x08000e42   0x08000e42   0x00000002   Code   RO          490    i.BusFault_Handler  stm32f4xx_it.o
    0x08000e44   0x08000e44   0x0000000c   Code   RO          491    i.DMA1_Stream6_IRQHandler  stm32f4xx_it.o
    0x08000e50   0x08000e50   0x0000000c   Code   RO          492    i.DMA2_Stream3_IRQHandler  stm32f4xx_it.o
    0x08000e5c   0x08000e5c   0x00000028   Code   RO         1552    i.DMA_CalcBaseAndBitshift  stm32f4xx_hal_dma.o
    0x08000e84   0x08000e84   0x00000054   Code   RO         1553    i.DMA_CheckFifoParam  stm32f4xx_hal_dma.o
    0x08000ed8   0x08000ed8   0x00000028   Code   RO         1554    i.DMA_SetConfig     stm32f4xx_hal_dma.o
    0x08000f00   0x08000f00   0x00000002   Code   RO          493    i.DebugMon_Handler  stm32f4xx_it.o
    0x08000f02   0x08000f02   0x00000014   Code   RO          494    i.EXTI9_5_IRQHandler  stm32f4xx_it.o
    0x08000f16   0x08000f16   0x00000004   Code   RO           13    i.Error_Handler     main.o
    0x08000f1a   0x08000f1a   0x00000092   Code   RO         1555    i.HAL_DMA_Abort     stm32f4xx_hal_dma.o
    0x08000fac   0x08000fac   0x00000024   Code   RO         1556    i.HAL_DMA_Abort_IT  stm32f4xx_hal_dma.o
    0x08000fd0   0x08000fd0   0x000001a0   Code   RO         1560    i.HAL_DMA_IRQHandler  stm32f4xx_hal_dma.o
    0x08001170   0x08001170   0x000000d4   Code   RO         1561    i.HAL_DMA_Init      stm32f4xx_hal_dma.o
    0x08001244   0x08001244   0x0000006e   Code   RO         1565    i.HAL_DMA_Start_IT  stm32f4xx_hal_dma.o
    0x080012b2   0x080012b2   0x00000002   PAD
    0x080012b4   0x080012b4   0x00000128   Code   RO           14    i.HAL_GPIO_EXTI_Callback  main.o
    0x080013dc   0x080013dc   0x00000018   Code   RO         1447    i.HAL_GPIO_EXTI_IRQHandler  stm32f4xx_hal_gpio.o
    0x080013f4   0x080013f4   0x000001d0   Code   RO         1448    i.HAL_GPIO_Init     stm32f4xx_hal_gpio.o
    0x080015c4   0x080015c4   0x0000000a   Code   RO         1452    i.HAL_GPIO_WritePin  stm32f4xx_hal_gpio.o
    0x080015ce   0x080015ce   0x00000002   PAD
    0x080015d0   0x080015d0   0x0000000c   Code   RO         1998    i.HAL_GetTick       stm32f4xx_hal.o
    0x080015dc   0x080015dc   0x00000188   Code   RO          649    i.HAL_I2C_Init      stm32f4xx_hal_i2c.o
    0x08001764   0x08001764   0x000000a4   Code   RO          287    i.HAL_I2C_MspInit   i2c.o
    0x08001808   0x08001808   0x00000010   Code   RO         2004    i.HAL_IncTick       stm32f4xx_hal.o
    0x08001818   0x08001818   0x00000034   Code   RO         2005    i.HAL_Init          stm32f4xx_hal.o
    0x0800184c   0x0800184c   0x00000040   Code   RO         2006    i.HAL_InitTick      stm32f4xx_hal.o
    0x0800188c   0x0800188c   0x00000030   Code   RO          614    i.HAL_MspInit       stm32f4xx_hal_msp.o
    0x080018bc   0x080018bc   0x0000001a   Code   RO         1840    i.HAL_NVIC_EnableIRQ  stm32f4xx_hal_cortex.o
    0x080018d6   0x080018d6   0x00000002   PAD
    0x080018d8   0x080018d8   0x00000040   Code   RO         1846    i.HAL_NVIC_SetPriority  stm32f4xx_hal_cortex.o
    0x08001918   0x08001918   0x00000024   Code   RO         1847    i.HAL_NVIC_SetPriorityGrouping  stm32f4xx_hal_cortex.o
    0x0800193c   0x0800193c   0x00000134   Code   RO         1094    i.HAL_RCC_ClockConfig  stm32f4xx_hal_rcc.o
    0x08001a70   0x08001a70   0x00000020   Code   RO         1101    i.HAL_RCC_GetPCLK1Freq  stm32f4xx_hal_rcc.o
    0x08001a90   0x08001a90   0x00000020   Code   RO         1102    i.HAL_RCC_GetPCLK2Freq  stm32f4xx_hal_rcc.o
    0x08001ab0   0x08001ab0   0x00000060   Code   RO         1103    i.HAL_RCC_GetSysClockFreq  stm32f4xx_hal_rcc.o
    0x08001b10   0x08001b10   0x00000358   Code   RO         1106    i.HAL_RCC_OscConfig  stm32f4xx_hal_rcc.o
    0x08001e68   0x08001e68   0x00000002   Code   RO         2250    i.HAL_SPI_ErrorCallback  stm32f4xx_hal_spi.o
    0x08001e6a   0x08001e6a   0x00000002   PAD
    0x08001e6c   0x08001e6c   0x000000fc   Code   RO         2253    i.HAL_SPI_IRQHandler  stm32f4xx_hal_spi.o
    0x08001f68   0x08001f68   0x000000bc   Code   RO         2254    i.HAL_SPI_Init      stm32f4xx_hal_spi.o
    0x08002024   0x08002024   0x000000b4   Code   RO          329    i.HAL_SPI_MspInit   spi.o
    0x080020d8   0x080020d8   0x00000166   Code   RO         2262    i.HAL_SPI_Transmit  stm32f4xx_hal_spi.o
    0x0800223e   0x0800223e   0x00000002   PAD
    0x08002240   0x08002240   0x000000cc   Code   RO         2266    i.HAL_SPI_Transmit_DMA  stm32f4xx_hal_spi.o
    0x0800230c   0x0800230c   0x00000002   Code   RO         2268    i.HAL_SPI_TxCpltCallback  stm32f4xx_hal_spi.o
    0x0800230e   0x0800230e   0x00000002   Code   RO         2269    i.HAL_SPI_TxHalfCpltCallback  stm32f4xx_hal_spi.o
    0x08002310   0x08002310   0x00000028   Code   RO         1851    i.HAL_SYSTICK_Config  stm32f4xx_hal_cortex.o
    0x08002338   0x08002338   0x00000002   Code   RO         3271    i.HAL_TIMEx_BreakCallback  stm32f4xx_hal_tim_ex.o
    0x0800233a   0x0800233a   0x00000002   Code   RO         3272    i.HAL_TIMEx_CommutCallback  stm32f4xx_hal_tim_ex.o
    0x0800233c   0x0800233c   0x00000090   Code   RO         3290    i.HAL_TIMEx_MasterConfigSynchronization  stm32f4xx_hal_tim_ex.o
    0x080023cc   0x080023cc   0x0000005a   Code   RO         2567    i.HAL_TIM_Base_Init  stm32f4xx_hal_tim.o
    0x08002426   0x08002426   0x00000002   PAD
    0x08002428   0x08002428   0x0000003c   Code   RO          371    i.HAL_TIM_Base_MspInit  tim.o
    0x08002464   0x08002464   0x00000080   Code   RO         2572    i.HAL_TIM_Base_Start_IT  stm32f4xx_hal_tim.o
    0x080024e4   0x080024e4   0x000000dc   Code   RO         2576    i.HAL_TIM_ConfigClockSource  stm32f4xx_hal_tim.o
    0x080025c0   0x080025c0   0x00000002   Code   RO         2601    i.HAL_TIM_IC_CaptureCallback  stm32f4xx_hal_tim.o
    0x080025c2   0x080025c2   0x00000130   Code   RO         2615    i.HAL_TIM_IRQHandler  stm32f4xx_hal_tim.o
    0x080026f2   0x080026f2   0x00000002   PAD
    0x080026f4   0x080026f4   0x00000078   Code   RO          372    i.HAL_TIM_MspPostInit  tim.o
    0x0800276c   0x0800276c   0x00000002   Code   RO         2618    i.HAL_TIM_OC_DelayElapsedCallback  stm32f4xx_hal_tim.o
    0x0800276e   0x0800276e   0x000000cc   Code   RO         2639    i.HAL_TIM_PWM_ConfigChannel  stm32f4xx_hal_tim.o
    0x0800283a   0x0800283a   0x0000005a   Code   RO         2642    i.HAL_TIM_PWM_Init  stm32f4xx_hal_tim.o
    0x08002894   0x08002894   0x00000024   Code   RO          374    i.HAL_TIM_PWM_MspInit  tim.o
    0x080028b8   0x080028b8   0x00000002   Code   RO         2645    i.HAL_TIM_PWM_PulseFinishedCallback  stm32f4xx_hal_tim.o
    0x080028ba   0x080028ba   0x00000002   PAD
    0x080028bc   0x080028bc   0x000000d0   Code   RO         2647    i.HAL_TIM_PWM_Start  stm32f4xx_hal_tim.o
    0x0800298c   0x0800298c   0x0000001c   Code   RO           15    i.HAL_TIM_PeriodElapsedCallback  main.o
    0x080029a8   0x080029a8   0x00000002   Code   RO         2658    i.HAL_TIM_TriggerCallback  stm32f4xx_hal_tim.o
    0x080029aa   0x080029aa   0x00000002   Code   RO         3550    i.HAL_UARTEx_RxEventCallback  stm32f4xx_hal_uart.o
    0x080029ac   0x080029ac   0x00000002   Code   RO         3564    i.HAL_UART_ErrorCallback  stm32f4xx_hal_uart.o
    0x080029ae   0x080029ae   0x00000002   PAD
    0x080029b0   0x080029b0   0x00000270   Code   RO         3567    i.HAL_UART_IRQHandler  stm32f4xx_hal_uart.o
    0x08002c20   0x08002c20   0x00000064   Code   RO         3568    i.HAL_UART_Init     stm32f4xx_hal_uart.o
    0x08002c84   0x08002c84   0x00000118   Code   RO          437    i.HAL_UART_MspInit  usart.o
    0x08002d9c   0x08002d9c   0x0000001c   Code   RO         3573    i.HAL_UART_Receive_IT  stm32f4xx_hal_uart.o
    0x08002db8   0x08002db8   0x00000080   Code   RO           16    i.HAL_UART_RxCpltCallback  main.o
    0x08002e38   0x08002e38   0x000000a0   Code   RO         3576    i.HAL_UART_Transmit  stm32f4xx_hal_uart.o
    0x08002ed8   0x08002ed8   0x00000002   Code   RO         3579    i.HAL_UART_TxCpltCallback  stm32f4xx_hal_uart.o
    0x08002eda   0x08002eda   0x00000002   Code   RO          495    i.HardFault_Handler  stm32f4xx_it.o
    0x08002edc   0x08002edc   0x0000004c   Code   RO          262    i.MX_DMA_Init       dma.o
    0x08002f28   0x08002f28   0x00000158   Code   RO          234    i.MX_GPIO_Init      gpio.o
    0x08003080   0x08003080   0x00000040   Code   RO          288    i.MX_I2C1_Init      i2c.o
    0x080030c0   0x080030c0   0x00000048   Code   RO          330    i.MX_SPI1_Init      spi.o
    0x08003108   0x08003108   0x00000068   Code   RO          375    i.MX_TIM1_Init      tim.o
    0x08003170   0x08003170   0x000000a0   Code   RO          376    i.MX_TIM2_Init      tim.o
    0x08003210   0x08003210   0x00000038   Code   RO          438    i.MX_USART1_UART_Init  usart.o
    0x08003248   0x08003248   0x00000038   Code   RO          439    i.MX_USART2_UART_Init  usart.o
    0x08003280   0x08003280   0x00000038   Code   RO          440    i.MX_USART3_UART_Init  usart.o
    0x080032b8   0x080032b8   0x00000002   Code   RO          496    i.MemManage_Handler  stm32f4xx_it.o
    0x080032ba   0x080032ba   0x00000002   Code   RO          497    i.NMI_Handler       stm32f4xx_it.o
    0x080032bc   0x080032bc   0x00000002   Code   RO          498    i.PendSV_Handler    stm32f4xx_it.o
    0x080032be   0x080032be   0x00000002   PAD
    0x080032c0   0x080032c0   0x0000000c   Code   RO          499    i.SPI1_IRQHandler   stm32f4xx_it.o
    0x080032cc   0x080032cc   0x00000010   Code   RO         2281    i.SPI_DMAAbortOnError  stm32f4xx_hal_spi.o
    0x080032dc   0x080032dc   0x00000022   Code   RO         2282    i.SPI_DMAError      stm32f4xx_hal_spi.o
    0x080032fe   0x080032fe   0x0000000a   Code   RO         2284    i.SPI_DMAHalfTransmitCplt  stm32f4xx_hal_spi.o
    0x08003308   0x08003308   0x00000064   Code   RO         2288    i.SPI_DMATransmitCplt  stm32f4xx_hal_spi.o
    0x0800336c   0x0800336c   0x0000006c   Code   RO         2292    i.SPI_EndRxTxTransaction  stm32f4xx_hal_spi.o
    0x080033d8   0x080033d8   0x0000001a   Code   RO         4079    i.SPI_SetDataSize_16bit  tft.o
    0x080033f2   0x080033f2   0x00000018   Code   RO         4080    i.SPI_SetDataSize_8bit  tft.o
    0x0800340a   0x0800340a   0x00000002   PAD
    0x0800340c   0x0800340c   0x000000b8   Code   RO         2297    i.SPI_WaitFlagStateUntilTimeout  stm32f4xx_hal_spi.o
    0x080034c4   0x080034c4   0x00000002   Code   RO          500    i.SVC_Handler       stm32f4xx_it.o
    0x080034c6   0x080034c6   0x00000002   PAD
    0x080034c8   0x080034c8   0x00000104   Code   RO         4081    i.Screen_show_char  tft.o
    0x080035cc   0x080035cc   0x0000003e   Code   RO         4082    i.Screen_show_string  tft.o
    0x0800360a   0x0800360a   0x00000004   Code   RO          501    i.SysTick_Handler   stm32f4xx_it.o
    0x0800360e   0x0800360e   0x00000002   PAD
    0x08003610   0x08003610   0x00000094   Code   RO           17    i.SystemClock_Config  main.o
    0x080036a4   0x080036a4   0x00000010   Code   RO         3902    i.SystemInit        system_stm32f4xx.o
    0x080036b4   0x080036b4   0x00000040   Code   RO         4083    i.TFT_SEND_CMD      tft.o
    0x080036f4   0x080036f4   0x00000038   Code   RO         4084    i.TFT_SEND_DATA     tft.o
    0x0800372c   0x0800372c   0x0000003c   Code   RO         4085    i.TFT_SEND_DATA_16  tft.o
    0x08003768   0x08003768   0x00000042   Code   RO         4086    i.TFT_SetWindows    tft.o
    0x080037aa   0x080037aa   0x00000016   Code   RO         4088    i.TFT_display_point  tft.o
    0x080037c0   0x080037c0   0x00000074   Code   RO         4089    i.TFT_full_color    tft.o
    0x08003834   0x08003834   0x0000000c   Code   RO          502    i.TIM1_UP_TIM10_IRQHandler  stm32f4xx_it.o
    0x08003840   0x08003840   0x000000d8   Code   RO         2660    i.TIM_Base_SetConfig  stm32f4xx_hal_tim.o
    0x08003918   0x08003918   0x0000001a   Code   RO         2661    i.TIM_CCxChannelCmd  stm32f4xx_hal_tim.o
    0x08003932   0x08003932   0x00000014   Code   RO         2671    i.TIM_ETR_SetConfig  stm32f4xx_hal_tim.o
    0x08003946   0x08003946   0x00000010   Code   RO         2672    i.TIM_ITRx_SetConfig  stm32f4xx_hal_tim.o
    0x08003956   0x08003956   0x00000002   PAD
    0x08003958   0x08003958   0x00000060   Code   RO         2673    i.TIM_OC1_SetConfig  stm32f4xx_hal_tim.o
    0x080039b8   0x080039b8   0x0000006c   Code   RO         2674    i.TIM_OC2_SetConfig  stm32f4xx_hal_tim.o
    0x08003a24   0x08003a24   0x00000068   Code   RO         2675    i.TIM_OC3_SetConfig  stm32f4xx_hal_tim.o
    0x08003a8c   0x08003a8c   0x00000050   Code   RO         2676    i.TIM_OC4_SetConfig  stm32f4xx_hal_tim.o
    0x08003adc   0x08003adc   0x00000022   Code   RO         2678    i.TIM_TI1_ConfigInputStage  stm32f4xx_hal_tim.o
    0x08003afe   0x08003afe   0x00000024   Code   RO         2680    i.TIM_TI2_ConfigInputStage  stm32f4xx_hal_tim.o
    0x08003b22   0x08003b22   0x00000010   Code   RO         3581    i.UART_DMAAbortOnError  stm32f4xx_hal_uart.o
    0x08003b32   0x08003b32   0x0000004e   Code   RO         3591    i.UART_EndRxTransfer  stm32f4xx_hal_uart.o
    0x08003b80   0x08003b80   0x000000c2   Code   RO         3593    i.UART_Receive_IT   stm32f4xx_hal_uart.o
    0x08003c42   0x08003c42   0x00000002   PAD
    0x08003c44   0x08003c44   0x0000010c   Code   RO         3594    i.UART_SetConfig    stm32f4xx_hal_uart.o
    0x08003d50   0x08003d50   0x00000036   Code   RO         3596    i.UART_Start_Receive_IT  stm32f4xx_hal_uart.o
    0x08003d86   0x08003d86   0x00000070   Code   RO         3597    i.UART_WaitOnFlagUntilTimeout  stm32f4xx_hal_uart.o
    0x08003df6   0x08003df6   0x00000002   PAD
    0x08003df8   0x08003df8   0x0000000c   Code   RO          503    i.USART1_IRQHandler  stm32f4xx_it.o
    0x08003e04   0x08003e04   0x0000000c   Code   RO          504    i.USART2_IRQHandler  stm32f4xx_it.o
    0x08003e10   0x08003e10   0x0000000c   Code   RO          505    i.USART3_IRQHandler  stm32f4xx_it.o
    0x08003e1c   0x08003e1c   0x00000002   Code   RO          506    i.UsageFault_Handler  stm32f4xx_it.o
    0x08003e1e   0x08003e1e   0x00000020   Code   RO         1853    i.__NVIC_SetPriority  stm32f4xx_hal_cortex.o
    0x08003e3e   0x08003e3e   0x0000000e   Code   RO         4226    i._is_digit         c_w.l(__printf_wp.o)
    0x08003e4c   0x08003e4c   0x00000174   Code   RO         3939    i.calcu             pid.o
    0x08003fc0   0x08003fc0   0x00000024   Code   RO           18    i.delay_ms          main.o
    0x08003fe4   0x08003fe4   0x00000024   Code   RO           19    i.delay_us          main.o
    0x08004008   0x08004008   0x00000118   Code   RO         4174    i.draw              func.o
    0x08004120   0x08004120   0x00000490   Code   RO           20    i.main              main.o
    0x080045b0   0x080045b0   0x000001f0   Code   RO         4090    i.tft_init          tft.o
    0x080047a0   0x080047a0   0x0000002c   Code   RO         4324    locale$$code        c_w.l(lc_ctype_c.o)
    0x080047cc   0x080047cc   0x0000000a   Code   RO         4392    x$fpl$fpinit        fz_wm.l(fpinit.o)
    0x080047d6   0x080047d6   0x00000002   PAD
    0x080047d8   0x080047d8   0x000000b8   Data   RO           22    .constdata          main.o
    0x08004890   0x08004890   0x00000008   Data   RO         1567    .constdata          stm32f4xx_hal_dma.o
    0x08004898   0x08004898   0x00000010   Data   RO         3903    .constdata          system_stm32f4xx.o
    0x080048a8   0x080048a8   0x00000008   Data   RO         3904    .constdata          system_stm32f4xx.o
    0x080048b0   0x080048b0   0x00000d5c   Data   RO         3979    .constdata          fonts.o
    0x0800560c   0x0800560c   0x0000134c   Data   RO         3980    .constdata          fonts.o
    0x08006958   0x08006958   0x00000020   Data   RO         4450    Region$$Table       anon$$obj.o
    0x08006978   0x08006978   0x00000110   Data   RO         4323    locale$$data        c_w.l(lc_ctype_c.o)


    Execution Region RW_IRAM1 (Exec base: 0x20000000, Load base: 0x08006a88, Size: 0x000030e0, Max: 0x0001c000, ABSOLUTE)

    Exec Addr    Load Addr    Size         Type   Attr      Idx    E Section Name        Object

    0x20000000   0x08006a88   0x00000030   Data   RW           23    .data               main.o
    0x20000030   0x08006ab8   0x0000000c   Data   RW         2012    .data               stm32f4xx_hal.o
    0x2000003c   0x08006ac4   0x00000004   Data   RW         3905    .data               system_stm32f4xx.o
    0x20000040   0x08006ac8   0x00000014   Data   RW         3940    .data               pid.o
    0x20000054   0x08006adc   0x00000038   Data   RW         3941    .data               pid.o
    0x2000008c   0x08006b14   0x00000038   Data   RW         3942    .data               pid.o
    0x200000c4   0x08006b4c   0x00000008   Data   RW         3982    .data               fonts.o
    0x200000cc   0x08006b54   0x00000008   Data   RW         3983    .data               fonts.o
    0x200000d4   0x08006b5c   0x00000004   Data   RW         4092    .data               tft.o
    0x200000d8        -       0x00000150   Zero   RW           21    .bss                main.o
    0x20000228        -       0x000000b4   Zero   RW          289    .bss                i2c.o
    0x200002dc        -       0x000000b8   Zero   RW          331    .bss                spi.o
    0x20000394        -       0x00000090   Zero   RW          377    .bss                tim.o
    0x20000424        -       0x000000d8   Zero   RW          441    .bss                usart.o
    0x200004fc        -       0x00002580   Zero   RW         4091    .bss                tft.o
    0x20002a7c        -       0x00000060   Zero   RW         4312    .bss                c_w.l(libspace.o)
    0x20002adc   0x08006b60   0x00000004   PAD
    0x20002ae0        -       0x00000200   Zero   RW            2    HEAP                startup_stm32f407xx.o
    0x20002ce0        -       0x00000400   Zero   RW            1    STACK               startup_stm32f407xx.o


    Execution Region RW_IRAM2 (Exec base: 0x2001c000, Load base: 0x08006b60, Size: 0x00000000, Max: 0x00004000, ABSOLUTE)

    **** No section assigned to this execution region ****


==============================================================================

Image component sizes


      Code (inc. data)   RO Data    RW Data    ZI Data      Debug   Object Name

        76          4          0          0          0        794   dma.o
         0          0       8360         16          0       1070   fonts.o
       280         52          0          0          0        599   func.o
       344         26          0          0          0       1127   gpio.o
       228         36          0          0        180       1714   i2c.o
      1844        168        184         48        336     713814   main.o
       372          8          0        132          0       2313   pid.o
       252         28          0          0        184       1726   spi.o
        64         26        392          0       1536        832   startup_stm32f407xx.o
       144         24          0         12          0       8689   stm32f4xx_hal.o
       198         14          0          0          0      33715   stm32f4xx_hal_cortex.o
      1084         16          8          0          0       7262   stm32f4xx_hal_dma.o
       498         52          0          0          0       2871   stm32f4xx_hal_gpio.o
       392         16          0          0          0       3203   stm32f4xx_hal_i2c.o
        48          6          0          0          0        834   stm32f4xx_hal_msp.o
      1324         72          0          0          0       5308   stm32f4xx_hal_rcc.o
      1460         34          0          0          0      10596   stm32f4xx_hal_spi.o
      1988        140          0          0          0      16832   stm32f4xx_hal_tim.o
       148         28          0          0          0       2521   stm32f4xx_hal_tim_ex.o
      1640         16          0          0          0      11352   stm32f4xx_hal_uart.o
       124         42          0          0          0       7780   stm32f4xx_it.o
        16          4         24          4          0       1091   system_stm32f4xx.o
      1252         80          0          4       9600       8441   tft.o
       480         40          0          0        144       3571   tim.o
       448         48          0          0        216       3064   usart.o

    ----------------------------------------------------------------------
     14736        980       9000        216      12196     851119   Object Totals
         0          0         32          0          0          0   (incl. Generated)
        32          0          0          0          0          0   (incl. Padding)

    ----------------------------------------------------------------------

      Code (inc. data)   RO Data    RW Data    ZI Data      Debug   Library Member Name

        60          8          0          0          0         84   __0sscanf.o
         8          0          0          0          0         68   __main.o
       284          0          0          0          0        156   __printf_wp.o
         0          0          0          0          0          0   __rtentry.o
        12          0          0          0          0          0   __rtentry2.o
         6          0          0          0          0          0   __rtentry4.o
        52          8          0          0          0          0   __scatter.o
        26          0          0          0          0          0   __scatter_copy.o
        28          0          0          0          0          0   __scatter_zi.o
        28          0          0          0          0         68   _chval.o
        48          6          0          0          0         96   _printf_char_common.o
         6          0          0          0          0          0   _printf_d.o
       120         16          0          0          0         92   _printf_dec.o
       178          0          0          0          0         88   _printf_intcommon.o
        78          0          0          0          0        108   _printf_pad.o
         0          0          0          0          0          0   _printf_percent.o
         4          0          0          0          0          0   _printf_percent_end.o
       884          4          0          0          0        100   _scanf.o
       332          0          0          0          0         96   _scanf_int.o
        64          0          0          0          0         84   _sgetc.o
        10          0          0          0          0         68   _sputc.o
        18          0          0          0          0         80   exit.o
         6          0          0          0          0        152   heapauxi.o
         0          0          0          0          0          0   indicate_semi.o
        18          0          0          0          0         76   isspace.o
        44         10        272          0          0         76   lc_ctype_c.o
         2          0          0          0          0          0   libinit.o
        24          0          0          0          0          0   libinit2.o
         2          0          0          0          0          0   libshutdown.o
         2          0          0          0          0          0   libshutdown2.o
         8          4          0          0         96         68   libspace.o
       238          0          0          0          0        100   lludivv7m.o
        40          6          0          0          0         84   noretval__2sprintf.o
        16          4          0          0          0         76   rt_ctype_table.o
         8          4          0          0          0         68   rt_locale_intlibspace.o
        68          0          0          0          0         68   rt_memclr.o
        78          0          0          0          0         80   rt_memclr_w.o
       100          0          0          0          0         80   rt_memcpy_w.o
         2          0          0          0          0          0   rtexit.o
        10          0          0          0          0          0   rtexit2.o
        44          8          0          0          0         84   scanf_char.o
       128          0          0          0          0         68   strcmpv7m.o
        62          0          0          0          0         76   strlen.o
        12          4          0          0          0         68   sys_exit.o
        74          0          0          0          0         80   sys_stackheap_outer.o
         2          0          0          0          0         68   use_no_semi.o
        10          0          0          0          0        116   fpinit.o

    ----------------------------------------------------------------------
      3264         82        272          0        100       2676   Library Totals
        20          0          0          0          4          0   (incl. Padding)

    ----------------------------------------------------------------------

      Code (inc. data)   RO Data    RW Data    ZI Data      Debug   Library Name

      3234         82        272          0         96       2560   c_w.l
        10          0          0          0          0        116   fz_wm.l

    ----------------------------------------------------------------------
      3264         82        272          0        100       2676   Library Totals

    ----------------------------------------------------------------------

==============================================================================


      Code (inc. data)   RO Data    RW Data    ZI Data      Debug   

     18000       1062       9272        216      12296     840091   Grand Totals
     18000       1062       9272        216      12296     840091   ELF Image Totals
     18000       1062       9272        216          0          0   ROM Totals

==============================================================================

    Total RO  Size (Code + RO Data)                27272 (  26.63kB)
    Total RW  Size (RW Data + ZI Data)             12512 (  12.22kB)
    Total ROM Size (Code + RO Data + RW Data)      27488 (  26.84kB)

==============================================================================

